<html>
<body>
<pre>
<h1>礦ision Build Log</h1>
<h2>Tool Versions:</h2>
IDE-Version: μVision V5.21.1.0
Copyright (C) 2016 ARM Ltd and ARM Germany GmbH. All rights reserved.
License Information: mcli mcli, mcli, LIC=JDA12-9T2PB-KUQ4L-0NAMR-GQ965-AX0TN
 
Tool Versions:
Toolchain:       MDK-ARM Professional  Version: 5.21a
Toolchain Path:  C:\Application\Keil_v5\ARM\ARMCC\Bin
C Compiler:      Armcc.exe V5.06 update 3 (build 300)
Assembler:       Armasm.exe V5.06 update 3 (build 300)
Linker/Locator:  ArmLink.exe V5.06 update 3 (build 300)
Library Manager: ArmAr.exe V5.06 update 3 (build 300)
Hex Converter:   FromElf.exe V5.06 update 3 (build 300)
CPU DLL:         SARMCM3.DLL V5.21a
Dialog DLL:      DCM.DLL V1.13.8.0
Target DLL:      CMSIS_AGDI.dll V1.26.5.0
Dialog DLL:      TCM.DLL V1.14.14.0
 
<h2>Project:</h2>
C:\workspace\项目\毕业\毕业设计\FFT音乐频谱V3.0\FFT音乐频谱V3.0\OLEDTEST V6.0.2\TEST\MDK-ARM\TEST.uvprojx
Project File Date:  03/08/2019

<h2>Output:</h2>
*** Using Compiler 'V5.06 update 3 (build 300)', folder: 'C:\Application\Keil_v5\ARM\ARMCC\Bin'
Build target 'TEST'
assembling startup_stm32f103xb.s...
compiling fft.c...
compiling display.c...
compiling main.c...
compiling gpio.c...
compiling oled.c...
compiling rtcpro.c...
compiling key.c...
compiling rtc.c...
compiling adc.c...
compiling stm32f1xx_hal_msp.c...
compiling dma.c...
compiling stm32f1xx_it.c...
compiling tim.c...
compiling usart.c...
compiling stm32f1xx_hal_gpio_ex.c...
compiling stm32f1xx_hal_adc_ex.c...
compiling stm32f1xx_hal_rtc_ex.c...
compiling stm32f1xx_hal_rtc.c...
compiling stm32f1xx_hal_adc.c...
compiling stm32f1xx_hal_tim_ex.c...
compiling stm32f1xx_hal_tim.c...
compiling stm32f1xx_hal.c...
compiling stm32f1xx_hal_gpio.c...
compiling stm32f1xx_hal_rcc_ex.c...
compiling stm32f1xx_hal_cortex.c...
compiling stm32f1xx_hal_uart.c...
compiling stm32f1xx_hal_dma.c...
compiling stm32f1xx_hal_rcc.c...
compiling ConvertColor.c...
compiling font5_7.c...
compiling FONT8_8.C...
compiling FONT24_32.C...
compiling GUI_StockC.C...
compiling loadbit.c...
compiling GUI_BASIC.C...
..\ZLG_GUI\GUI_BASIC.C(1202): warning:  #111-D: statement is unreachable
     GUI_HLine(x0_bak, y0_bak, x1_bak, color);
..\ZLG_GUI\GUI_BASIC.C: 1 warning, 0 errors
compiling menu.c...
compiling spline.c...
compiling windows.c...
assembling cr4_fft_256_stm32.s...
assembling cr4_fft_1024_stm32.s...
compiling stm32f1xx_hal_pwr.c...
compiling system_stm32f1xx.c...
compiling stm32f1xx_hal_flash_ex.c...
compiling stm32f1xx_hal_flash.c...
compiling lcmdrv.c...
..\ZLG_GUI\lcmdrv.c(77): warning:  #940-D: missing return statement at end of non-void function "GUI_ReadPoint"
  }
..\ZLG_GUI\lcmdrv.c: 1 warning, 0 errors
linking...
Program Size: Code=17628 RO-data=2884 RW-data=2416 ZI-data=13896  
FromELF: creating hex file...
"TEST\TEST.axf" - 0 Error(s), 2 Warning(s).

<h2>Software Packages used:</h2>

Package Vendor: ARM
                http://www.keil.com/pack/ARM.CMSIS.4.5.0.pack
                ARM::CMSIS:CORE:4.3.0
                CMSIS (Cortex Microcontroller Software Interface Standard)
   * Component: CORE Version: 4.3.0

<h2>Collection of Component include folders:</h2>
  C:\workspace\项目\毕业\毕业设计\FFT音乐频谱V3.0\FFT音乐频谱V3.0\OLEDTEST V6.0.2\TEST\MDK-ARM\RTE
  C:\Application\Keil_v5\ARM\PACK\ARM\CMSIS\4.5.0\CMSIS\Include
  C:\Application\Keil_v5\ARM\PACK\Keil\STM32F1xx_DFP\2.2.0\Device\Include

<h2>Collection of Component Files used:</h2>

   * Component: ARM::CMSIS:CORE:4.3.0
Build Time Elapsed:  00:00:26
</pre>
</body>
</html>
