Component: ARM Compiler 5.06 update 3 (build 300) Tool: armlink [4d35c9]

==============================================================================

Section Cross References

    startup_stm32f103xb.o(RESET) refers to startup_stm32f103xb.o(STACK) for __initial_sp
    startup_stm32f103xb.o(RESET) refers to startup_stm32f103xb.o(.text) for Reset_Handler
    startup_stm32f103xb.o(RESET) refers to stm32f1xx_it.o(i.NMI_Handler) for NMI_Handler
    startup_stm32f103xb.o(RESET) refers to stm32f1xx_it.o(i.HardFault_Handler) for HardFault_Handler
    startup_stm32f103xb.o(RESET) refers to stm32f1xx_it.o(i.MemManage_Handler) for MemManage_Handler
    startup_stm32f103xb.o(RESET) refers to stm32f1xx_it.o(i.BusFault_Handler) for BusFault_Handler
    startup_stm32f103xb.o(RESET) refers to stm32f1xx_it.o(i.UsageFault_Handler) for UsageFault_Handler
    startup_stm32f103xb.o(RESET) refers to stm32f1xx_it.o(i.SVC_Handler) for SVC_Handler
    startup_stm32f103xb.o(RESET) refers to stm32f1xx_it.o(i.DebugMon_Handler) for DebugMon_Handler
    startup_stm32f103xb.o(RESET) refers to stm32f1xx_it.o(i.PendSV_Handler) for PendSV_Handler
    startup_stm32f103xb.o(RESET) refers to stm32f1xx_it.o(i.SysTick_Handler) for SysTick_Handler
    startup_stm32f103xb.o(RESET) refers to stm32f1xx_it.o(i.DMA1_Channel1_IRQHandler) for DMA1_Channel1_IRQHandler
    startup_stm32f103xb.o(RESET) refers to stm32f1xx_it.o(i.TIM2_IRQHandler) for TIM2_IRQHandler
    startup_stm32f103xb.o(.text) refers to system_stm32f1xx.o(i.SystemInit) for SystemInit
    startup_stm32f103xb.o(.text) refers to entry.o(.ARM.Collect$$$$00000000) for __main
    oled.o(i.ClearLED) refers to oled.o(i.Write_Parameter) for Write_Parameter
    oled.o(i.Column_Address) refers to oled.o(i.Write_Register) for Write_Register
    oled.o(i.Initial_sh1122) refers to stm32f1xx_hal_gpio.o(i.HAL_GPIO_WritePin) for HAL_GPIO_WritePin
    oled.o(i.Initial_sh1122) refers to oled.o(i.OLED_Delay) for OLED_Delay
    oled.o(i.Initial_sh1122) refers to oled.o(i.Write_Register) for Write_Register
    oled.o(i.Initial_sh1122) refers to oled.o(i.OLED_Set_Pos) for OLED_Set_Pos
    oled.o(i.OLED_Clear) refers to oled.o(.bss) for .bss
    oled.o(i.OLED_DrawBMP) refers to oled.o(i.OLED_Set_Pos) for OLED_Set_Pos
    oled.o(i.OLED_DrawBMP) refers to oled.o(i.Write_Parameter) for Write_Parameter
    oled.o(i.OLED_DrawPoint) refers to oled.o(.bss) for .bss
    oled.o(i.OLED_Fill) refers to oled.o(i.OLED_DrawPoint) for OLED_DrawPoint
    oled.o(i.OLED_OFF) refers to oled.o(i.Write_Register) for Write_Register
    oled.o(i.OLED_ON) refers to oled.o(i.Write_Register) for Write_Register
    oled.o(i.OLED_Refresh_Gram) refers to oled.o(i.Write_Register) for Write_Register
    oled.o(i.OLED_Refresh_Gram) refers to oled.o(i.Write_Parameter) for Write_Parameter
    oled.o(i.OLED_Refresh_Gram) refers to oled.o(.bss) for .bss
    oled.o(i.OLED_Set_Pos) refers to oled.o(i.Write_Register) for Write_Register
    oled.o(i.OLED_ShowCHinese) refers to oled.o(i.OLED_Set_Pos) for OLED_Set_Pos
    oled.o(i.OLED_ShowCHinese) refers to oled.o(i.Write_Parameter) for Write_Parameter
    oled.o(i.OLED_ShowChar) refers to oled.o(i.OLED_Set_Pos) for OLED_Set_Pos
    oled.o(i.OLED_ShowChar) refers to oled.o(i.Write_Parameter) for Write_Parameter
    oled.o(i.OLED_ShowChar) refers to oled.o(.constdata) for .constdata
    oled.o(i.OLED_ShowNum) refers to oled.o(i.oled_pow) for oled_pow
    oled.o(i.OLED_ShowNum) refers to oled.o(i.OLED_ShowChar) for OLED_ShowChar
    oled.o(i.OLED_ShowString) refers to oled.o(i.OLED_ShowChar) for OLED_ShowChar
    oled.o(i.Row_Address) refers to oled.o(i.Write_Register) for Write_Register
    oled.o(i.Row_Address) refers to oled.o(i.Write_Parameter) for Write_Parameter
    oled.o(i.Set_Colume_Address) refers to oled.o(i.Write_Register) for Write_Register
    oled.o(i.Set_Colume_Address) refers to oled.o(i.Write_Parameter) for Write_Parameter
    oled.o(i.Set_Row_Address) refers to oled.o(i.Write_Register) for Write_Register
    oled.o(i.Set_Row_Address) refers to oled.o(i.Write_Parameter) for Write_Parameter
    oled.o(i.Write_Parameter) refers to stm32f1xx_hal_gpio.o(i.HAL_GPIO_WritePin) for HAL_GPIO_WritePin
    oled.o(i.Write_Register) refers to stm32f1xx_hal_gpio.o(i.HAL_GPIO_WritePin) for HAL_GPIO_WritePin
    oled.o(i.bar) refers to oled.o(i.OLED_Set_Pos) for OLED_Set_Pos
    oled.o(i.bar) refers to oled.o(i.Write_Parameter) for Write_Parameter
    oled.o(i.drawpoint) refers to oled.o(i.OLED_Set_Pos) for OLED_Set_Pos
    oled.o(i.drawpoint) refers to oled.o(i.Write_Parameter) for Write_Parameter
    fft.o(i.FFT_Pro) refers to cr4_fft_256_stm32.o(.text) for cr4_fft_256_stm32
    fft.o(i.FFT_Pro) refers to fft.o(i.GetPowerMag) for GetPowerMag
    fft.o(i.FFT_Pro) refers to fft.o(.bss) for .bss
    fft.o(i.FFT_Start) refers to stm32f1xx_hal_adc.o(i.HAL_ADC_Start_DMA) for HAL_ADC_Start_DMA
    fft.o(i.FFT_Start) refers to stm32f1xx_hal_tim.o(i.HAL_TIM_Base_Start) for HAL_TIM_Base_Start
[...]
    ../clib/microlib/printf/printf.c         0x00000000   Number         0  printf8.o ABSOLUTE
    ../clib/microlib/printf/printf.c         0x00000000   Number         0  printf3.o ABSOLUTE
    ../clib/microlib/printf/printf.c         0x00000000   Number         0  printf5.o ABSOLUTE
    ../clib/microlib/printf/printf.c         0x00000000   Number         0  printf4.o ABSOLUTE
    ../clib/microlib/printf/printf.c         0x00000000   Number         0  printfa.o ABSOLUTE
    ../clib/microlib/printf/printf.c         0x00000000   Number         0  printf1.o ABSOLUTE
    ../clib/microlib/printf/printf.c         0x00000000   Number         0  printfb.o ABSOLUTE
    ../clib/microlib/printf/printf.c         0x00000000   Number         0  printf0.o ABSOLUTE
    ../clib/microlib/printf/printf.c         0x00000000   Number         0  printf2.o ABSOLUTE
    ../clib/microlib/stdio/streams.c         0x00000000   Number         0  stdout.o ABSOLUTE
    ../clib/microlib/stubs.s                 0x00000000   Number         0  iusefp.o ABSOLUTE
    ../fplib/microlib/d2f.c                  0x00000000   Number         0  d2f.o ABSOLUTE
    ../fplib/microlib/f2d.c                  0x00000000   Number         0  f2d.o ABSOLUTE
    ../fplib/microlib/fpadd.c                0x00000000   Number         0  dadd.o ABSOLUTE
    ../fplib/microlib/fpadd.c                0x00000000   Number         0  fadd.o ABSOLUTE
    ../fplib/microlib/fpdiv.c                0x00000000   Number         0  fdiv.o ABSOLUTE
    ../fplib/microlib/fpdiv.c                0x00000000   Number         0  ddiv.o ABSOLUTE
    ../fplib/microlib/fpepilogue.c           0x00000000   Number         0  fepilogue.o ABSOLUTE
    ../fplib/microlib/fpepilogue.c           0x00000000   Number         0  depilogue.o ABSOLUTE
    ../fplib/microlib/fpfix.c                0x00000000   Number         0  dfixi.o ABSOLUTE
    ../fplib/microlib/fpfix.c                0x00000000   Number         0  ffixui.o ABSOLUTE
    ../fplib/microlib/fpfix.c                0x00000000   Number         0  ffixi.o ABSOLUTE
    ../fplib/microlib/fpfix.c                0x00000000   Number         0  dfixul.o ABSOLUTE
    ../fplib/microlib/fpflt.c                0x00000000   Number         0  fflti.o ABSOLUTE
    ../fplib/microlib/fpflt.c                0x00000000   Number         0  dflti.o ABSOLUTE
    ../fplib/microlib/fpflt.c                0x00000000   Number         0  ffltui.o ABSOLUTE
    ../fplib/microlib/fpmul.c                0x00000000   Number         0  dmul.o ABSOLUTE
    ../fplib/microlib/fpmul.c                0x00000000   Number         0  fmul.o ABSOLUTE
    ../fplib/microlib/fpscalb.c              0x00000000   Number         0  dscalb.o ABSOLUTE
    ../fplib/microlib/fpscalb.c              0x00000000   Number         0  fscalb.o ABSOLUTE
    ../fplib/microlib/fpsqrt.c               0x00000000   Number         0  dsqrt.o ABSOLUTE
    ../mathlib/sqrt.c                        0x00000000   Number         0  sqrt.o ABSOLUTE
    ../mathlib/sqrt.c                        0x00000000   Number         0  sqrt_x.o ABSOLUTE
    ..\Drivers\STM32F1xx_HAL_Driver\Src\stm32f1xx_hal.c 0x00000000   Number         0  stm32f1xx_hal.o ABSOLUTE
    ..\Drivers\STM32F1xx_HAL_Driver\Src\stm32f1xx_hal_adc.c 0x00000000   Number         0  stm32f1xx_hal_adc.o ABSOLUTE
    ..\Drivers\STM32F1xx_HAL_Driver\Src\stm32f1xx_hal_adc_ex.c 0x00000000   Number         0  stm32f1xx_hal_adc_ex.o ABSOLUTE
    ..\Drivers\STM32F1xx_HAL_Driver\Src\stm32f1xx_hal_cortex.c 0x00000000   Number         0  stm32f1xx_hal_cortex.o ABSOLUTE
    ..\Drivers\STM32F1xx_HAL_Driver\Src\stm32f1xx_hal_dma.c 0x00000000   Number         0  stm32f1xx_hal_dma.o ABSOLUTE
    ..\Drivers\STM32F1xx_HAL_Driver\Src\stm32f1xx_hal_flash.c 0x00000000   Number         0  stm32f1xx_hal_flash.o ABSOLUTE
    ..\Drivers\STM32F1xx_HAL_Driver\Src\stm32f1xx_hal_flash_ex.c 0x00000000   Number         0  stm32f1xx_hal_flash_ex.o ABSOLUTE
    ..\Drivers\STM32F1xx_HAL_Driver\Src\stm32f1xx_hal_gpio.c 0x00000000   Number         0  stm32f1xx_hal_gpio.o ABSOLUTE
    ..\Drivers\STM32F1xx_HAL_Driver\Src\stm32f1xx_hal_gpio_ex.c 0x00000000   Number         0  stm32f1xx_hal_gpio_ex.o ABSOLUTE
    ..\Drivers\STM32F1xx_HAL_Driver\Src\stm32f1xx_hal_pwr.c 0x00000000   Number         0  stm32f1xx_hal_pwr.o ABSOLUTE
    ..\Drivers\STM32F1xx_HAL_Driver\Src\stm32f1xx_hal_rcc.c 0x00000000   Number         0  stm32f1xx_hal_rcc.o ABSOLUTE
    ..\Drivers\STM32F1xx_HAL_Driver\Src\stm32f1xx_hal_rcc_ex.c 0x00000000   Number         0  stm32f1xx_hal_rcc_ex.o ABSOLUTE
    ..\Drivers\STM32F1xx_HAL_Driver\Src\stm32f1xx_hal_rtc.c 0x00000000   Number         0  stm32f1xx_hal_rtc.o ABSOLUTE
    ..\Drivers\STM32F1xx_HAL_Driver\Src\stm32f1xx_hal_rtc_ex.c 0x00000000   Number         0  stm32f1xx_hal_rtc_ex.o ABSOLUTE
    ..\Drivers\STM32F1xx_HAL_Driver\Src\stm32f1xx_hal_tim.c 0x00000000   Number         0  stm32f1xx_hal_tim.o ABSOLUTE
    ..\Drivers\STM32F1xx_HAL_Driver\Src\stm32f1xx_hal_tim_ex.c 0x00000000   Number         0  stm32f1xx_hal_tim_ex.o ABSOLUTE
    ..\Drivers\STM32F1xx_HAL_Driver\Src\stm32f1xx_hal_uart.c 0x00000000   Number         0  stm32f1xx_hal_uart.o ABSOLUTE
    ..\Src\adc.c                             0x00000000   Number         0  adc.o ABSOLUTE
    ..\Src\cr4_fft_1024_stm32.s              0x00000000   Number         0  cr4_fft_1024_stm32.o ABSOLUTE
    ..\Src\cr4_fft_256_stm32.s               0x00000000   Number         0  cr4_fft_256_stm32.o ABSOLUTE
    ..\Src\display.c                         0x00000000   Number         0  display.o ABSOLUTE
    ..\Src\dma.c                             0x00000000   Number         0  dma.o ABSOLUTE
    ..\Src\fft.c                             0x00000000   Number         0  fft.o ABSOLUTE
    ..\Src\gpio.c                            0x00000000   Number         0  gpio.o ABSOLUTE
    ..\Src\key.c                             0x00000000   Number         0  key.o ABSOLUTE
    ..\Src\main.c                            0x00000000   Number         0  main.o ABSOLUTE
    ..\Src\oled.c                            0x00000000   Number         0  oled.o ABSOLUTE
    ..\Src\rtc.c                             0x00000000   Number         0  rtc.o ABSOLUTE
    ..\Src\rtcpro.c                          0x00000000   Number         0  rtcpro.o ABSOLUTE
    ..\Src\stm32f1xx_hal_msp.c               0x00000000   Number         0  stm32f1xx_hal_msp.o ABSOLUTE
    ..\Src\stm32f1xx_it.c                    0x00000000   Number         0  stm32f1xx_it.o ABSOLUTE
    ..\Src\tim.c                             0x00000000   Number         0  tim.o ABSOLUTE
    ..\Src\usart.c                           0x00000000   Number         0  usart.o ABSOLUTE
    ..\ZLG_GUI\ConvertColor.c                0x00000000   Number         0  convertcolor.o ABSOLUTE
    ..\ZLG_GUI\FONT24_32.C                   0x00000000   Number         0  font24_32.o ABSOLUTE
    ..\ZLG_GUI\FONT8_8.C                     0x00000000   Number         0  font8_8.o ABSOLUTE
    ..\ZLG_GUI\GUI_BASIC.C                   0x00000000   Number         0  gui_basic.o ABSOLUTE
    ..\ZLG_GUI\GUI_StockC.C                  0x00000000   Number         0  gui_stockc.o ABSOLUTE
    ..\ZLG_GUI\font5_7.c                     0x00000000   Number         0  font5_7.o ABSOLUTE
    ..\ZLG_GUI\lcmdrv.c                      0x00000000   Number         0  lcmdrv.o ABSOLUTE
    ..\ZLG_GUI\loadbit.c                     0x00000000   Number         0  loadbit.o ABSOLUTE
    ..\ZLG_GUI\menu.c                        0x00000000   Number         0  menu.o ABSOLUTE
    ..\ZLG_GUI\spline.c                      0x00000000   Number         0  spline.o ABSOLUTE
    ..\ZLG_GUI\windows.c                     0x00000000   Number         0  windows.o ABSOLUTE
    ..\\Src\\display.c                       0x00000000   Number         0  display.o ABSOLUTE
    ..\\Src\\fft.c                           0x00000000   Number         0  fft.o ABSOLUTE
    ..\\Src\\key.c                           0x00000000   Number         0  key.o ABSOLUTE
    ..\\Src\\oled.c                          0x00000000   Number         0  oled.o ABSOLUTE
    ..\\Src\\rtcpro.c                        0x00000000   Number         0  rtcpro.o ABSOLUTE
    ..\\Src\system_stm32f1xx.c               0x00000000   Number         0  system_stm32f1xx.o ABSOLUTE
    ..\\ZLG_GUI\\lcmdrv.c                    0x00000000   Number         0  lcmdrv.o ABSOLUTE
    cdcmple.s                                0x00000000   Number         0  cdcmple.o ABSOLUTE
    cdrcmple.s                               0x00000000   Number         0  cdrcmple.o ABSOLUTE
    dc.s                                     0x00000000   Number         0  dc.o ABSOLUTE
    handlers.s                               0x00000000   Number         0  handlers.o ABSOLUTE
    init.s                                   0x00000000   Number         0  init.o ABSOLUTE
    startup_stm32f103xb.s                    0x00000000   Number         0  startup_stm32f103xb.o ABSOLUTE
    RESET                                    0x08000000   Section      236  startup_stm32f103xb.o(RESET)
    .ARM.Collect$$$$00000000                 0x080000ec   Section        0  entry.o(.ARM.Collect$$$$00000000)
    .ARM.Collect$$$$00000001                 0x080000ec   Section        4  entry2.o(.ARM.Collect$$$$00000001)
    .ARM.Collect$$$$00000004                 0x080000f0   Section        4  entry5.o(.ARM.Collect$$$$00000004)
    .ARM.Collect$$$$00000008                 0x080000f4   Section        0  entry7b.o(.ARM.Collect$$$$00000008)
    .ARM.Collect$$$$0000000A                 0x080000f4   Section        0  entry8b.o(.ARM.Collect$$$$0000000A)
    .ARM.Collect$$$$0000000B                 0x080000f4   Section        8  entry9a.o(.ARM.Collect$$$$0000000B)
    .ARM.Collect$$$$0000000D                 0x080000fc   Section        0  entry10a.o(.ARM.Collect$$$$0000000D)
    .ARM.Collect$$$$0000000F                 0x080000fc   Section        0  entry11a.o(.ARM.Collect$$$$0000000F)
    .ARM.Collect$$$$00002712                 0x080000fc   Section        4  entry2.o(.ARM.Collect$$$$00002712)
    __lit__00000000                          0x080000fc   Data           4  entry2.o(.ARM.Collect$$$$00002712)
    .text                                    0x08000100   Section       36  startup_stm32f103xb.o(.text)
    .text                                    0x08000124   Section     1502  cr4_fft_256_stm32.o(.text)
    .text                                    0x08000702   Section        0  llushr.o(.text)
    .text                                    0x08000722   Section        0  fadd.o(.text)
    .text                                    0x080007d2   Section        0  fmul.o(.text)
    .text                                    0x08000836   Section        0  fscalb.o(.text)
    .text                                    0x0800084e   Section        0  dscalb.o(.text)
    .text                                    0x0800087c   Section        0  fflti.o(.text)
    .text                                    0x0800088e   Section        0  ffixui.o(.text)
    .text                                    0x080008b6   Section        0  f2d.o(.text)
    .text                                    0x080008dc   Section        0  d2f.o(.text)
    .text                                    0x08000914   Section        0  iusefp.o(.text)
    .text                                    0x08000914   Section        0  fepilogue.o(.text)
    .text                                    0x08000982   Section        0  depilogue.o(.text)
    .text                                    0x08000a3c   Section        0  dsqrt.o(.text)
    .text                                    0x08000ae0   Section       36  init.o(.text)
    .text                                    0x08000b04   Section        0  llshl.o(.text)
    .text                                    0x08000b22   Section        0  __dczerorl2.o(.text)
    i.ADC_ConversionStop_Disable             0x08000b78   Section        0  stm32f1xx_hal_adc.o(i.ADC_ConversionStop_Disable)
    i.ADC_DMAConvCplt                        0x08000bc4   Section        0  stm32f1xx_hal_adc.o(i.ADC_DMAConvCplt)
    i.ADC_DMAError                           0x08000c12   Section        0  stm32f1xx_hal_adc.o(i.ADC_DMAError)
    i.ADC_DMAHalfConvCplt                    0x08000c2c   Section        0  stm32f1xx_hal_adc.o(i.ADC_DMAHalfConvCplt)
    i.ADC_Enable                             0x08000c38   Section        0  stm32f1xx_hal_adc.o(i.ADC_Enable)
    i.BusFault_Handler                       0x08000ca8   Section        0  stm32f1xx_it.o(i.BusFault_Handler)
    i.DMA1_Channel1_IRQHandler               0x08000cac   Section        0  stm32f1xx_it.o(i.DMA1_Channel1_IRQHandler)
    i.DMA_SetConfig                          0x08000cb8   Section        0  stm32f1xx_hal_dma.o(i.DMA_SetConfig)
    DMA_SetConfig                            0x08000cb9   Thumb Code    42  stm32f1xx_hal_dma.o(i.DMA_SetConfig)
    i.DebugMon_Handler                       0x08000ce2   Section        0  stm32f1xx_it.o(i.DebugMon_Handler)
    i.Display_Init                           0x08000ce4   Section        0  display.o(i.Display_Init)
    i.FFT_Pro                                0x08000d30   Section        0  fft.o(i.FFT_Pro)
    i.FFT_Start                              0x08000d70   Section        0  fft.o(i.FFT_Start)
    i.FFT_Stop                               0x08000d94   Section        0  fft.o(i.FFT_Stop)
    i.Func_Date                              0x08000db0   Section        0  key.o(i.Func_Date)
    i.Func_Exit                              0x08000dfc   Section        0  key.o(i.Func_Exit)
    i.Func_Exit_Time                         0x08000e1c   Section        0  key.o(i.Func_Exit_Time)
    i.Func_FalSpeed                          0x08000e68   Section        0  key.o(i.Func_FalSpeed)
    i.Func_Hours                             0x08000eb8   Section        0  key.o(i.Func_Hours)
    i.Func_Minutes                           0x08000f04   Section        0  key.o(i.Func_Minutes)
    i.Func_ModeSet                           0x08000f50   Section        0  key.o(i.Func_ModeSet)
    i.Func_Month                             0x08000fb0   Section        0  key.o(i.Func_Month)
    i.Func_Seconds                           0x08000ffc   Section        0  key.o(i.Func_Seconds)
    i.Func_ShowMode                          0x08001048   Section        0  key.o(i.Func_ShowMode)
    i.Func_ShowMode_Time                     0x080010a4   Section        0  key.o(i.Func_ShowMode_Time)
    i.Func_Year                              0x08001108   Section        0  key.o(i.Func_Year)
    i.GUI_ClearSCR                           0x08001154   Section        0  lcmdrv.o(i.GUI_ClearSCR)
    i.GUI_Exec                               0x08001158   Section        0  lcmdrv.o(i.GUI_Exec)
    i.GUI_HLine                              0x0800115c   Section        0  lcmdrv.o(i.GUI_HLine)
    i.GUI_Initialize                         0x08001188   Section        0  lcmdrv.o(i.GUI_Initialize)
    i.GUI_Line                               0x0800118c   Section        0  gui_basic.o(i.GUI_Line)
    i.GUI_LineWith                           0x08001254   Section        0  gui_basic.o(i.GUI_LineWith)
    i.GUI_LoadLine                           0x0800139c   Section        0  loadbit.o(i.GUI_LoadLine)
    i.GUI_LoadPic                            0x08001408   Section        0  loadbit.o(i.GUI_LoadPic)
    i.GUI_Point                              0x0800143e   Section        0  lcmdrv.o(i.GUI_Point)
    i.GUI_PointS                             0x08001444   Section        0  gui_basic.o(i.GUI_PointS)
    i.GUI_PutChar                            0x08001490   Section        0  font5_7.o(i.GUI_PutChar)
    i.GUI_PutChar8_8                         0x08001514   Section        0  font8_8.o(i.GUI_PutChar8_8)
    i.GUI_PutHZ                              0x08001598   Section        0  loadbit.o(i.GUI_PutHZ)
    i.GUI_PutNum16x32                        0x080015d0   Section        0  rtcpro.o(i.GUI_PutNum16x32)
    i.GUI_PutString                          0x08001640   Section        0  font5_7.o(i.GUI_PutString)
    i.GUI_RLine                              0x08001662   Section        0  lcmdrv.o(i.GUI_RLine)
    i.GUI_SetColor                           0x0800168c   Section        0  gui_stockc.o(i.GUI_SetColor)
    i.GUI_ShowNum                            0x08001698   Section        0  font5_7.o(i.GUI_ShowNum)
    i.GetPowerMag                            0x08001704   Section        0  fft.o(i.GetPowerMag)
    i.HAL_ADC_ConfigChannel                  0x080017a0   Section        0  stm32f1xx_hal_adc.o(i.HAL_ADC_ConfigChannel)
    i.HAL_ADC_ConvCpltCallback               0x0800189c   Section        0  fft.o(i.HAL_ADC_ConvCpltCallback)
    i.HAL_ADC_ConvHalfCpltCallback           0x080018b0   Section        0  stm32f1xx_hal_adc.o(i.HAL_ADC_ConvHalfCpltCallback)
    i.HAL_ADC_ErrorCallback                  0x080018b2   Section        0  stm32f1xx_hal_adc.o(i.HAL_ADC_ErrorCallback)
    i.HAL_ADC_Init                           0x080018b4   Section        0  stm32f1xx_hal_adc.o(i.HAL_ADC_Init)
    i.HAL_ADC_MspInit                        0x080019d0   Section        0  adc.o(i.HAL_ADC_MspInit)
    i.HAL_ADC_Start_DMA                      0x08001a5c   Section        0  stm32f1xx_hal_adc.o(i.HAL_ADC_Start_DMA)
    i.HAL_ADC_Stop_DMA                       0x08001b68   Section        0  stm32f1xx_hal_adc.o(i.HAL_ADC_Stop_DMA)
    i.HAL_DMA_Abort                          0x08001bb4   Section        0  stm32f1xx_hal_dma.o(i.HAL_DMA_Abort)
    i.HAL_DMA_IRQHandler                     0x08001be4   Section        0  stm32f1xx_hal_dma.o(i.HAL_DMA_IRQHandler)
    i.HAL_DMA_Init                           0x08001d38   Section        0  stm32f1xx_hal_dma.o(i.HAL_DMA_Init)
    i.HAL_DMA_Start_IT                       0x08001d9c   Section        0  stm32f1xx_hal_dma.o(i.HAL_DMA_Start_IT)
    i.HAL_Delay                              0x08001e0c   Section        0  stm32f1xx_hal.o(i.HAL_Delay)
    i.HAL_GPIO_Init                          0x08001e28   Section        0  stm32f1xx_hal_gpio.o(i.HAL_GPIO_Init)
    i.HAL_GPIO_WritePin                      0x08001fe4   Section        0  stm32f1xx_hal_gpio.o(i.HAL_GPIO_WritePin)
    i.HAL_GetTick                            0x08001ff0   Section        0  stm32f1xx_hal.o(i.HAL_GetTick)
    i.HAL_IncTick                            0x08001ffc   Section        0  stm32f1xx_hal.o(i.HAL_IncTick)
    i.HAL_Init                               0x0800200c   Section        0  stm32f1xx_hal.o(i.HAL_Init)
    i.HAL_InitTick                           0x08002030   Section        0  stm32f1xx_hal.o(i.HAL_InitTick)
    i.HAL_MspInit                            0x08002058   Section        0  stm32f1xx_hal_msp.o(i.HAL_MspInit)
    i.HAL_NVIC_EnableIRQ                     0x080020ec   Section        0  stm32f1xx_hal_cortex.o(i.HAL_NVIC_EnableIRQ)
    i.HAL_NVIC_SetPriority                   0x08002104   Section        0  stm32f1xx_hal_cortex.o(i.HAL_NVIC_SetPriority)
    i.HAL_NVIC_SetPriorityGrouping           0x08002144   Section        0  stm32f1xx_hal_cortex.o(i.HAL_NVIC_SetPriorityGrouping)
    i.HAL_PWR_EnableBkUpAccess               0x08002168   Section        0  stm32f1xx_hal_pwr.o(i.HAL_PWR_EnableBkUpAccess)
    i.HAL_RCCEx_GetPeriphCLKFreq             0x08002174   Section        0  stm32f1xx_hal_rcc_ex.o(i.HAL_RCCEx_GetPeriphCLKFreq)
    i.HAL_RCCEx_PeriphCLKConfig              0x0800223c   Section        0  stm32f1xx_hal_rcc_ex.o(i.HAL_RCCEx_PeriphCLKConfig)
    i.HAL_RCC_ClockConfig                    0x08002328   Section        0  stm32f1xx_hal_rcc.o(i.HAL_RCC_ClockConfig)
    i.HAL_RCC_GetHCLKFreq                    0x0800247c   Section        0  stm32f1xx_hal_rcc.o(i.HAL_RCC_GetHCLKFreq)
    i.HAL_RCC_GetPCLK1Freq                   0x08002488   Section        0  stm32f1xx_hal_rcc.o(i.HAL_RCC_GetPCLK1Freq)
    i.HAL_RCC_GetPCLK2Freq                   0x080024a8   Section        0  stm32f1xx_hal_rcc.o(i.HAL_RCC_GetPCLK2Freq)
    i.HAL_RCC_GetSysClockFreq                0x080024c8   Section        0  stm32f1xx_hal_rcc.o(i.HAL_RCC_GetSysClockFreq)
    i.HAL_RCC_OscConfig                      0x08002534   Section        0  stm32f1xx_hal_rcc.o(i.HAL_RCC_OscConfig)
    i.HAL_RTCEx_BKUPRead                     0x08002838   Section        0  stm32f1xx_hal_rtc_ex.o(i.HAL_RTCEx_BKUPRead)
    i.HAL_RTCEx_BKUPWrite                    0x08002848   Section        0  stm32f1xx_hal_rtc_ex.o(i.HAL_RTCEx_BKUPWrite)
    i.HAL_RTC_Init                           0x08002858   Section        0  stm32f1xx_hal_rtc.o(i.HAL_RTC_Init)
    i.HAL_RTC_MspInit                        0x080028f8   Section        0  rtc.o(i.HAL_RTC_MspInit)
    i.HAL_RTC_WaitForSynchro                 0x0800292c   Section        0  stm32f1xx_hal_rtc.o(i.HAL_RTC_WaitForSynchro)
    i.HAL_SYSTICK_CLKSourceConfig            0x08002966   Section        0  stm32f1xx_hal_cortex.o(i.HAL_SYSTICK_CLKSourceConfig)
    i.HAL_SYSTICK_Callback                   0x0800297e   Section        0  stm32f1xx_hal_cortex.o(i.HAL_SYSTICK_Callback)
    i.HAL_SYSTICK_Config                     0x08002980   Section        0  stm32f1xx_hal_cortex.o(i.HAL_SYSTICK_Config)
    i.HAL_SYSTICK_IRQHandler                 0x080029a8   Section        0  stm32f1xx_hal_cortex.o(i.HAL_SYSTICK_IRQHandler)
    i.HAL_TIMEx_BreakCallback                0x080029b0   Section        0  stm32f1xx_hal_tim_ex.o(i.HAL_TIMEx_BreakCallback)
    i.HAL_TIMEx_CommutationCallback          0x080029b2   Section        0  stm32f1xx_hal_tim_ex.o(i.HAL_TIMEx_CommutationCallback)
    i.HAL_TIMEx_MasterConfigSynchronization  0x080029b4   Section        0  stm32f1xx_hal_tim_ex.o(i.HAL_TIMEx_MasterConfigSynchronization)
    i.HAL_TIM_Base_Init                      0x08002a04   Section        0  stm32f1xx_hal_tim.o(i.HAL_TIM_Base_Init)
    i.HAL_TIM_Base_MspInit                   0x08002a3c   Section        0  tim.o(i.HAL_TIM_Base_MspInit)
    i.HAL_TIM_Base_Start                     0x08002a8c   Section        0  stm32f1xx_hal_tim.o(i.HAL_TIM_Base_Start)
    i.HAL_TIM_Base_Stop                      0x08002aa6   Section        0  stm32f1xx_hal_tim.o(i.HAL_TIM_Base_Stop)
    i.HAL_TIM_Base_Stop_IT                   0x08002ad2   Section        0  stm32f1xx_hal_tim.o(i.HAL_TIM_Base_Stop_IT)
    i.HAL_TIM_ConfigClockSource              0x08002afc   Section        0  stm32f1xx_hal_tim.o(i.HAL_TIM_ConfigClockSource)
    i.HAL_TIM_IC_CaptureCallback             0x08002bee   Section        0  stm32f1xx_hal_tim.o(i.HAL_TIM_IC_CaptureCallback)
    i.HAL_TIM_IRQHandler                     0x08002bf0   Section        0  stm32f1xx_hal_tim.o(i.HAL_TIM_IRQHandler)
    i.HAL_TIM_OC_DelayElapsedCallback        0x08002d56   Section        0  stm32f1xx_hal_tim.o(i.HAL_TIM_OC_DelayElapsedCallback)
    i.HAL_TIM_PWM_PulseFinishedCallback      0x08002d58   Section        0  stm32f1xx_hal_tim.o(i.HAL_TIM_PWM_PulseFinishedCallback)
    i.HAL_TIM_PeriodElapsedCallback          0x08002d5c   Section        0  main.o(i.HAL_TIM_PeriodElapsedCallback)
    i.HAL_TIM_TriggerCallback                0x08002d84   Section        0  stm32f1xx_hal_tim.o(i.HAL_TIM_TriggerCallback)
    i.HAL_UART_Init                          0x08002d86   Section        0  stm32f1xx_hal_uart.o(i.HAL_UART_Init)
    i.HAL_UART_MspInit                       0x08002de8   Section        0  usart.o(i.HAL_UART_MspInit)
    i.HAL_UART_Transmit                      0x08002e40   Section        0  stm32f1xx_hal_uart.o(i.HAL_UART_Transmit)
    i.HardFault_Handler                      0x08002efa   Section        0  stm32f1xx_it.o(i.HardFault_Handler)
    i.Initial_sh1122                         0x08002efc   Section        0  oled.o(i.Initial_sh1122)
    i.Is_Leap_Year                           0x08002fd8   Section        0  rtcpro.o(i.Is_Leap_Year)
    i.Key_Init                               0x08003000   Section        0  key.o(i.Key_Init)
    i.Key_Pro                                0x08003010   Section        0  key.o(i.Key_Pro)
    i.Key_Scan                               0x0800303c   Section        0  key.o(i.Key_Scan)
    i.Key_fft                                0x08003080   Section        0  key.o(i.Key_fft)
    i.Key_time                               0x080031a8   Section        0  key.o(i.Key_time)
    i.LED_Ctr                                0x08003388   Section        0  display.o(i.LED_Ctr)
    i.MX_ADC1_Init                           0x080033a0   Section        0  adc.o(i.MX_ADC1_Init)
    i.MX_DMA_Init                            0x08003400   Section        0  dma.o(i.MX_DMA_Init)
    i.MX_GPIO_Init                           0x0800342c   Section        0  gpio.o(i.MX_GPIO_Init)
    i.MX_RTC_Init                            0x080034ec   Section        0  rtc.o(i.MX_RTC_Init)
    i.MX_TIM2_Init                           0x08003530   Section        0  tim.o(i.MX_TIM2_Init)
    i.MX_TIM3_Init                           0x080035a4   Section        0  tim.o(i.MX_TIM3_Init)
    i.MX_USART1_UART_Init                    0x0800361c   Section        0  usart.o(i.MX_USART1_UART_Init)
    i.MemManage_Handler                      0x08003668   Section        0  stm32f1xx_it.o(i.MemManage_Handler)
    i.NMI_Handler                            0x0800366a   Section        0  stm32f1xx_it.o(i.NMI_Handler)
    i.NVIC_SetPriority                       0x0800366c   Section        0  stm32f1xx_hal_cortex.o(i.NVIC_SetPriority)
    NVIC_SetPriority                         0x0800366d   Thumb Code    32  stm32f1xx_hal_cortex.o(i.NVIC_SetPriority)
    i.OLED_Clear                             0x0800368c   Section        0  oled.o(i.OLED_Clear)
    i.OLED_Delay                             0x080036b4   Section        0  oled.o(i.OLED_Delay)
    i.OLED_DrawPoint                         0x080036cc   Section        0  oled.o(i.OLED_DrawPoint)
    i.OLED_Refresh_Gram                      0x08003708   Section        0  oled.o(i.OLED_Refresh_Gram)
    i.OLED_Set_Pos                           0x0800374c   Section        0  oled.o(i.OLED_Set_Pos)
    i.PendSV_Handler                         0x08003774   Section        0  stm32f1xx_it.o(i.PendSV_Handler)
    i.RTC_Display                            0x08003778   Section        0  rtcpro.o(i.RTC_Display)
    i.RTC_EnterInitMode                      0x08003868   Section        0  stm32f1xx_hal_rtc.o(i.RTC_EnterInitMode)
    RTC_EnterInitMode                        0x08003869   Thumb Code    52  stm32f1xx_hal_rtc.o(i.RTC_EnterInitMode)
    i.RTC_ExitInitMode                       0x0800389c   Section        0  stm32f1xx_hal_rtc.o(i.RTC_ExitInitMode)
    RTC_ExitInitMode                         0x0800389d   Thumb Code    54  stm32f1xx_hal_rtc.o(i.RTC_ExitInitMode)
    i.RTC_Get                                0x080038d4   Section        0  rtcpro.o(i.RTC_Get)
    i.RTC_Get_Week                           0x080039bc   Section        0  rtcpro.o(i.RTC_Get_Week)
    i.RTC_Init                               0x08003a0c   Section        0  rtcpro.o(i.RTC_Init)
    i.RTC_Set                                0x08003a4c   Section        0  rtcpro.o(i.RTC_Set)
    i.RTC_Write_Cnt                          0x08003b00   Section        0  rtcpro.o(i.RTC_Write_Cnt)
    i.SVC_Handler                            0x08003b34   Section        0  stm32f1xx_it.o(i.SVC_Handler)
    i.Show_Set_FFT                           0x08003b38   Section        0  key.o(i.Show_Set_FFT)
    i.Show_Set_Time                          0x08003bb0   Section        0  key.o(i.Show_Set_Time)
    i.Single_Check                           0x08003c6c   Section        0  display.o(i.Single_Check)
    i.SysTick_Handler                        0x08003cc8   Section        0  stm32f1xx_it.o(i.SysTick_Handler)
    i.SystemClock_Config                     0x08003cd6   Section        0  main.o(i.SystemClock_Config)
    i.SystemInit                             0x08003d5c   Section        0  system_stm32f1xx.o(i.SystemInit)
    i.TIM2_IRQHandler                        0x08003da4   Section        0  stm32f1xx_it.o(i.TIM2_IRQHandler)
    i.TIM_Base_SetConfig                     0x08003db0   Section        0  stm32f1xx_hal_tim.o(i.TIM_Base_SetConfig)
    i.TIM_ETR_SetConfig                      0x08003e1c   Section        0  stm32f1xx_hal_tim.o(i.TIM_ETR_SetConfig)
    TIM_ETR_SetConfig                        0x08003e1d   Thumb Code    20  stm32f1xx_hal_tim.o(i.TIM_ETR_SetConfig)
    i.TIM_ITRx_SetConfig                     0x08003e30   Section        0  stm32f1xx_hal_tim.o(i.TIM_ITRx_SetConfig)
    TIM_ITRx_SetConfig                       0x08003e31   Thumb Code    16  stm32f1xx_hal_tim.o(i.TIM_ITRx_SetConfig)
    i.TIM_TI1_ConfigInputStage               0x08003e40   Section        0  stm32f1xx_hal_tim.o(i.TIM_TI1_ConfigInputStage)
    TIM_TI1_ConfigInputStage                 0x08003e41   Thumb Code    34  stm32f1xx_hal_tim.o(i.TIM_TI1_ConfigInputStage)
    i.TIM_TI2_ConfigInputStage               0x08003e62   Section        0  stm32f1xx_hal_tim.o(i.TIM_TI2_ConfigInputStage)
    TIM_TI2_ConfigInputStage                 0x08003e63   Thumb Code    36  stm32f1xx_hal_tim.o(i.TIM_TI2_ConfigInputStage)
    i.UART_SetConfig                         0x08003e88   Section        0  stm32f1xx_hal_uart.o(i.UART_SetConfig)
    UART_SetConfig                           0x08003e89   Thumb Code   364  stm32f1xx_hal_uart.o(i.UART_SetConfig)
    i.UART_WaitOnFlagUntilTimeout            0x08003ff8   Section        0  stm32f1xx_hal_uart.o(i.UART_WaitOnFlagUntilTimeout)
    UART_WaitOnFlagUntilTimeout              0x08003ff9   Thumb Code   100  stm32f1xx_hal_uart.o(i.UART_WaitOnFlagUntilTimeout)
    i.UsageFault_Handler                     0x0800405c   Section        0  stm32f1xx_it.o(i.UsageFault_Handler)
    i.Write_Parameter                        0x08004060   Section        0  oled.o(i.Write_Parameter)
    i.Write_Register                         0x080040c4   Section        0  oled.o(i.Write_Register)
    i._Error_Handler                         0x08004128   Section        0  main.o(i._Error_Handler)
    i.__0printf$bare                         0x0800412c   Section        0  printfb.o(i.__0printf$bare)
    i.__scatterload_copy                     0x0800413c   Section       14  handlers.o(i.__scatterload_copy)
    i.__scatterload_null                     0x0800414a   Section        2  handlers.o(i.__scatterload_null)
    i.__scatterload_zeroinit                 0x0800414c   Section       14  handlers.o(i.__scatterload_zeroinit)
    i.__set_errno                            0x0800415c   Section        0  errno.o(i.__set_errno)
    i._printf_core                           0x08004168   Section        0  printfb.o(i._printf_core)
    _printf_core                             0x08004169   Thumb Code    34  printfb.o(i._printf_core)
    i.display1                               0x0800418c   Section        0  display.o(i.display1)
    i.display2                               0x08004280   Section        0  display.o(i.display2)
    i.display3                               0x08004324   Section        0  display.o(i.display3)
    i.display_pro                            0x08004414   Section        0  display.o(i.display_pro)
    i.fputc                                  0x08004454   Section        0  usart.o(i.fputc)
    i.main                                   0x0800446c   Section        0  main.o(i.main)
    i.main_task                              0x080044d4   Section        0  main.o(i.main_task)
    i.mypow                                  0x0800456c   Section        0  rtcpro.o(i.mypow)
    mypow                                    0x0800456d   Thumb Code    16  rtcpro.o(i.mypow)
    i.sqrt                                   0x0800457c   Section        0  sqrt.o(i.sqrt)
    .constdata                               0x080045c8   Section     1024  display.o(.constdata)
    .constdata                               0x080049c8   Section       24  rtcpro.o(.constdata)
    .constdata                               0x080049e0   Section       16  system_stm32f1xx.o(.constdata)
    .constdata                               0x080049f0   Section        8  system_stm32f1xx.o(.constdata)
    .constdata                               0x080049f8   Section      768  font5_7.o(.constdata)
    .constdata                               0x08004cf8   Section      768  font8_8.o(.constdata)
    .constdata                               0x08004ff8   Section        8  gui_stockc.o(.constdata)
    .data                                    0x20000000   Section        1  fft.o(.data)
    .data                                    0x20000001   Section       11  key.o(.data)
    press_flag                               0x20000002   Data           1  key.o(.data)
    pox                                      0x20000005   Data           7  key.o(.data)
    .data                                    0x2000000c   Section       10  display.o(.data)
    num_yes                                  0x20000010   Data           1  display.o(.data)
    num_no                                   0x20000011   Data           1  display.o(.data)
    cheeck_num                               0x20000012   Data           1  display.o(.data)
    num                                      0x20000014   Data           2  display.o(.data)
    .data                                    0x20000016   Section        1  display.o(.data)
    .data                                    0x20000018   Section     2366  rtcpro.o(.data)
    miao_bak                                 0x20000018   Data           1  rtcpro.o(.data)
    temp_day_bak                             0x2000001c   Data           4  rtcpro.o(.data)
    .data                                    0x20000956   Section        4  main.o(.data)
    ret                                      0x20000956   Data           1  main.o(.data)
    num                                      0x20000957   Data           1  main.o(.data)
    .data                                    0x2000095c   Section        4  stm32f1xx_hal.o(.data)
    .data                                    0x20000960   Section        4  system_stm32f1xx.o(.data)
    .data                                    0x20000964   Section        2  gui_stockc.o(.data)
    .data                                    0x20000968   Section        4  stdout.o(.data)
    .data                                    0x2000096c   Section        4  errno.o(.data)
    _errno                                   0x2000096c   Data           4  errno.o(.data)
    .bss                                     0x20000970   Section     8192  oled.o(.bss)
    .bss                                     0x20002970   Section     4096  fft.o(.bss)
    lBufInArray                              0x20002d70   Data        1024  fft.o(.bss)
    lBufOutArray                             0x20003170   Data        1024  fft.o(.bss)
    .bss                                     0x20003970   Section      256  display.o(.bss)
    .bss                                     0x20003a70   Section      116  adc.o(.bss)
    .bss                                     0x20003ae4   Section       20  rtc.o(.bss)
    .bss                                     0x20003af8   Section      128  tim.o(.bss)
    .bss                                     0x20003b78   Section       64  usart.o(.bss)
    STACK                                    0x20003bb8   Section     1024  startup_stm32f103xb.o(STACK)

    Global Symbols

    Symbol Name                              Value     Ov Type        Size  Object(Section)

    BuildAttributes$$THM_ISAv4$P$D$K$B$S$PE$A:L22UL41UL21$X:L11$S22US41US21$IEEE1$IW$USESV6$~STKCKD$USESV7$~SHL$OTIME$ROPI$IEEEJ$EBA8$MICROLIB$REQ8$PRES8$EABIv2 0x00000000   Number         0  anon$$obj.o ABSOLUTE
    __ARM_use_no_argv                        0x00000000   Number         0  main.o ABSOLUTE
    __cpp_initialize__aeabi_                  - Undefined Weak Reference
    __cxa_finalize                            - Undefined Weak Reference
    _clock_init                               - Undefined Weak Reference
    _microlib_exit                            - Undefined Weak Reference
    __Vectors_Size                           0x000000ec   Number         0  startup_stm32f103xb.o ABSOLUTE
    __Vectors                                0x08000000   Data           4  startup_stm32f103xb.o(RESET)
    __Vectors_End                            0x080000ec   Data           0  startup_stm32f103xb.o(RESET)
    __main                                   0x080000ed   Thumb Code     0  entry.o(.ARM.Collect$$$$00000000)
    _main_stk                                0x080000ed   Thumb Code     0  entry2.o(.ARM.Collect$$$$00000001)
    _main_scatterload                        0x080000f1   Thumb Code     0  entry5.o(.ARM.Collect$$$$00000004)
    __main_after_scatterload                 0x080000f5   Thumb Code     0  entry5.o(.ARM.Collect$$$$00000004)
    _main_clock                              0x080000f5   Thumb Code     0  entry7b.o(.ARM.Collect$$$$00000008)
    _main_cpp_init                           0x080000f5   Thumb Code     0  entry8b.o(.ARM.Collect$$$$0000000A)
    _main_init                               0x080000f5   Thumb Code     0  entry9a.o(.ARM.Collect$$$$0000000B)
    __rt_final_cpp                           0x080000fd   Thumb Code     0  entry10a.o(.ARM.Collect$$$$0000000D)
    __rt_final_exit                          0x080000fd   Thumb Code     0  entry11a.o(.ARM.Collect$$$$0000000F)
    Reset_Handler                            0x08000101   Thumb Code     8  startup_stm32f103xb.o(.text)
    ADC1_2_IRQHandler                        0x0800011b   Thumb Code     0  startup_stm32f103xb.o(.text)
    CAN1_RX1_IRQHandler                      0x0800011b   Thumb Code     0  startup_stm32f103xb.o(.text)
    CAN1_SCE_IRQHandler                      0x0800011b   Thumb Code     0  startup_stm32f103xb.o(.text)
    DMA1_Channel2_IRQHandler                 0x0800011b   Thumb Code     0  startup_stm32f103xb.o(.text)
    DMA1_Channel3_IRQHandler                 0x0800011b   Thumb Code     0  startup_stm32f103xb.o(.text)
    DMA1_Channel4_IRQHandler                 0x0800011b   Thumb Code     0  startup_stm32f103xb.o(.text)
    DMA1_Channel5_IRQHandler                 0x0800011b   Thumb Code     0  startup_stm32f103xb.o(.text)
    DMA1_Channel6_IRQHandler                 0x0800011b   Thumb Code     0  startup_stm32f103xb.o(.text)
    DMA1_Channel7_IRQHandler                 0x0800011b   Thumb Code     0  startup_stm32f103xb.o(.text)
    EXTI0_IRQHandler                         0x0800011b   Thumb Code     0  startup_stm32f103xb.o(.text)
    EXTI15_10_IRQHandler                     0x0800011b   Thumb Code     0  startup_stm32f103xb.o(.text)
    EXTI1_IRQHandler                         0x0800011b   Thumb Code     0  startup_stm32f103xb.o(.text)
    EXTI2_IRQHandler                         0x0800011b   Thumb Code     0  startup_stm32f103xb.o(.text)
    EXTI3_IRQHandler                         0x0800011b   Thumb Code     0  startup_stm32f103xb.o(.text)
    EXTI4_IRQHandler                         0x0800011b   Thumb Code     0  startup_stm32f103xb.o(.text)
    EXTI9_5_IRQHandler                       0x0800011b   Thumb Code     0  startup_stm32f103xb.o(.text)
    FLASH_IRQHandler                         0x0800011b   Thumb Code     0  startup_stm32f103xb.o(.text)
    I2C1_ER_IRQHandler                       0x0800011b   Thumb Code     0  startup_stm32f103xb.o(.text)
    I2C1_EV_IRQHandler                       0x0800011b   Thumb Code     0  startup_stm32f103xb.o(.text)
    I2C2_ER_IRQHandler                       0x0800011b   Thumb Code     0  startup_stm32f103xb.o(.text)
    I2C2_EV_IRQHandler                       0x0800011b   Thumb Code     0  startup_stm32f103xb.o(.text)
    PVD_IRQHandler                           0x0800011b   Thumb Code     0  startup_stm32f103xb.o(.text)
    RCC_IRQHandler                           0x0800011b   Thumb Code     0  startup_stm32f103xb.o(.text)
    RTC_Alarm_IRQHandler                     0x0800011b   Thumb Code     0  startup_stm32f103xb.o(.text)
    RTC_IRQHandler                           0x0800011b   Thumb Code     0  startup_stm32f103xb.o(.text)
    SPI1_IRQHandler                          0x0800011b   Thumb Code     0  startup_stm32f103xb.o(.text)
    SPI2_IRQHandler                          0x0800011b   Thumb Code     0  startup_stm32f103xb.o(.text)
    TAMPER_IRQHandler                        0x0800011b   Thumb Code     0  startup_stm32f103xb.o(.text)
    TIM1_BRK_IRQHandler                      0x0800011b   Thumb Code     0  startup_stm32f103xb.o(.text)
    TIM1_CC_IRQHandler                       0x0800011b   Thumb Code     0  startup_stm32f103xb.o(.text)
    TIM1_TRG_COM_IRQHandler                  0x0800011b   Thumb Code     0  startup_stm32f103xb.o(.text)
    TIM1_UP_IRQHandler                       0x0800011b   Thumb Code     0  startup_stm32f103xb.o(.text)
    TIM3_IRQHandler                          0x0800011b   Thumb Code     0  startup_stm32f103xb.o(.text)
    TIM4_IRQHandler                          0x0800011b   Thumb Code     0  startup_stm32f103xb.o(.text)
    USART1_IRQHandler                        0x0800011b   Thumb Code     0  startup_stm32f103xb.o(.text)
    USART2_IRQHandler                        0x0800011b   Thumb Code     0  startup_stm32f103xb.o(.text)
    USART3_IRQHandler                        0x0800011b   Thumb Code     0  startup_stm32f103xb.o(.text)
    USBWakeUp_IRQHandler                     0x0800011b   Thumb Code     0  startup_stm32f103xb.o(.text)
    USB_HP_CAN1_TX_IRQHandler                0x0800011b   Thumb Code     0  startup_stm32f103xb.o(.text)
    USB_LP_CAN1_RX0_IRQHandler               0x0800011b   Thumb Code     0  startup_stm32f103xb.o(.text)
    WWDG_IRQHandler                          0x0800011b   Thumb Code     0  startup_stm32f103xb.o(.text)
    cr4_fft_256_stm32                        0x08000125   Thumb Code     0  cr4_fft_256_stm32.o(.text)
    __aeabi_llsr                             0x08000703   Thumb Code    32  llushr.o(.text)
    _ll_ushift_r                             0x08000703   Thumb Code     0  llushr.o(.text)
    __aeabi_fadd                             0x08000723   Thumb Code   164  fadd.o(.text)
    __aeabi_fsub                             0x080007c7   Thumb Code     6  fadd.o(.text)
    __aeabi_frsub                            0x080007cd   Thumb Code     6  fadd.o(.text)
    __aeabi_fmul                             0x080007d3   Thumb Code   100  fmul.o(.text)
    __ARM_scalbnf                            0x08000837   Thumb Code    24  fscalb.o(.text)
    scalbnf                                  0x08000837   Thumb Code     0  fscalb.o(.text)
    __ARM_scalbn                             0x0800084f   Thumb Code    46  dscalb.o(.text)
    scalbn                                   0x0800084f   Thumb Code     0  dscalb.o(.text)
    __aeabi_i2f                              0x0800087d   Thumb Code    18  fflti.o(.text)
    __aeabi_f2uiz                            0x0800088f   Thumb Code    40  ffixui.o(.text)
    __aeabi_f2d                              0x080008b7   Thumb Code    38  f2d.o(.text)
    __aeabi_d2f                              0x080008dd   Thumb Code    56  d2f.o(.text)
    __I$use$fp                               0x08000915   Thumb Code     0  iusefp.o(.text)
    _float_round                             0x08000915   Thumb Code    18  fepilogue.o(.text)
    _float_epilogue                          0x08000927   Thumb Code    92  fepilogue.o(.text)
    _double_round                            0x08000983   Thumb Code    30  depilogue.o(.text)
    _double_epilogue                         0x080009a1   Thumb Code   156  depilogue.o(.text)
    _dsqrt                                   0x08000a3d   Thumb Code   162  dsqrt.o(.text)
    __scatterload                            0x08000ae1   Thumb Code    28  init.o(.text)
    __scatterload_rt2                        0x08000ae1   Thumb Code     0  init.o(.text)
    __aeabi_llsl                             0x08000b05   Thumb Code    30  llshl.o(.text)
    _ll_shift_l                              0x08000b05   Thumb Code     0  llshl.o(.text)
    __decompress                             0x08000b23   Thumb Code     0  __dczerorl2.o(.text)
    __decompress1                            0x08000b23   Thumb Code    86  __dczerorl2.o(.text)
    ADC_ConversionStop_Disable               0x08000b79   Thumb Code    76  stm32f1xx_hal_adc.o(i.ADC_ConversionStop_Disable)
    ADC_DMAConvCplt                          0x08000bc5   Thumb Code    78  stm32f1xx_hal_adc.o(i.ADC_DMAConvCplt)
    ADC_DMAError                             0x08000c13   Thumb Code    26  stm32f1xx_hal_adc.o(i.ADC_DMAError)
    ADC_DMAHalfConvCplt                      0x08000c2d   Thumb Code    10  stm32f1xx_hal_adc.o(i.ADC_DMAHalfConvCplt)
    ADC_Enable                               0x08000c39   Thumb Code   104  stm32f1xx_hal_adc.o(i.ADC_Enable)
    BusFault_Handler                         0x08000ca9   Thumb Code     2  stm32f1xx_it.o(i.BusFault_Handler)
    DMA1_Channel1_IRQHandler                 0x08000cad   Thumb Code     6  stm32f1xx_it.o(i.DMA1_Channel1_IRQHandler)
    DebugMon_Handler                         0x08000ce3   Thumb Code     2  stm32f1xx_it.o(i.DebugMon_Handler)
    Display_Init                             0x08000ce5   Thumb Code    66  display.o(i.Display_Init)
    FFT_Pro                                  0x08000d31   Thumb Code    56  fft.o(i.FFT_Pro)
    FFT_Start                                0x08000d71   Thumb Code    24  fft.o(i.FFT_Start)
    FFT_Stop                                 0x08000d95   Thumb Code    18  fft.o(i.FFT_Stop)
    Func_Date                                0x08000db1   Thumb Code    48  key.o(i.Func_Date)
    Func_Exit                                0x08000dfd   Thumb Code    24  key.o(i.Func_Exit)
    Func_Exit_Time                           0x08000e1d   Thumb Code    58  key.o(i.Func_Exit_Time)
    Func_FalSpeed                            0x08000e69   Thumb Code    48  key.o(i.Func_FalSpeed)
    Func_Hours                               0x08000eb9   Thumb Code    48  key.o(i.Func_Hours)
    Func_Minutes                             0x08000f05   Thumb Code    48  key.o(i.Func_Minutes)
    Func_ModeSet                             0x08000f51   Thumb Code    54  key.o(i.Func_ModeSet)
    Func_Month                               0x08000fb1   Thumb Code    48  key.o(i.Func_Month)
    Func_Seconds                             0x08000ffd   Thumb Code    48  key.o(i.Func_Seconds)
    Func_ShowMode                            0x08001049   Thumb Code    54  key.o(i.Func_ShowMode)
    Func_ShowMode_Time                       0x080010a5   Thumb Code    54  key.o(i.Func_ShowMode_Time)
    Func_Year                                0x08001109   Thumb Code    48  key.o(i.Func_Year)
    GUI_ClearSCR                             0x08001155   Thumb Code     4  lcmdrv.o(i.GUI_ClearSCR)
    GUI_Exec                                 0x08001159   Thumb Code     4  lcmdrv.o(i.GUI_Exec)
    GUI_HLine                                0x0800115d   Thumb Code    44  lcmdrv.o(i.GUI_HLine)
    GUI_Initialize                           0x08001189   Thumb Code     4  lcmdrv.o(i.GUI_Initialize)
    GUI_Line                                 0x0800118d   Thumb Code   200  gui_basic.o(i.GUI_Line)
    GUI_LineWith                             0x08001255   Thumb Code   328  gui_basic.o(i.GUI_LineWith)
    GUI_LoadLine                             0x0800139d   Thumb Code    96  loadbit.o(i.GUI_LoadLine)
    GUI_LoadPic                              0x08001409   Thumb Code    54  loadbit.o(i.GUI_LoadPic)
    GUI_Point                                0x0800143f   Thumb Code     4  lcmdrv.o(i.GUI_Point)
    GUI_PointS                               0x08001445   Thumb Code    76  gui_basic.o(i.GUI_PointS)
    GUI_PutChar                              0x08001491   Thumb Code   114  font5_7.o(i.GUI_PutChar)
    GUI_PutChar8_8                           0x08001515   Thumb Code   114  font8_8.o(i.GUI_PutChar8_8)
    GUI_PutHZ                                0x08001599   Thumb Code    56  loadbit.o(i.GUI_PutHZ)
    GUI_PutNum16x32                          0x080015d1   Thumb Code   104  rtcpro.o(i.GUI_PutNum16x32)
    GUI_PutString                            0x08001641   Thumb Code    34  font5_7.o(i.GUI_PutString)
    GUI_RLine                                0x08001663   Thumb Code    42  lcmdrv.o(i.GUI_RLine)
    GUI_SetColor                             0x0800168d   Thumb Code     8  gui_stockc.o(i.GUI_SetColor)
    GUI_ShowNum                              0x08001699   Thumb Code   106  font5_7.o(i.GUI_ShowNum)
    GetPowerMag                              0x08001705   Thumb Code   152  fft.o(i.GetPowerMag)
    HAL_ADC_ConfigChannel                    0x080017a1   Thumb Code   240  stm32f1xx_hal_adc.o(i.HAL_ADC_ConfigChannel)
    HAL_ADC_ConvCpltCallback                 0x0800189d   Thumb Code    14  fft.o(i.HAL_ADC_ConvCpltCallback)
    HAL_ADC_ConvHalfCpltCallback             0x080018b1   Thumb Code     2  stm32f1xx_hal_adc.o(i.HAL_ADC_ConvHalfCpltCallback)
    HAL_ADC_ErrorCallback                    0x080018b3   Thumb Code     2  stm32f1xx_hal_adc.o(i.HAL_ADC_ErrorCallback)
    HAL_ADC_Init                             0x080018b5   Thumb Code   272  stm32f1xx_hal_adc.o(i.HAL_ADC_Init)
    HAL_ADC_MspInit                          0x080019d1   Thumb Code   102  adc.o(i.HAL_ADC_MspInit)
    HAL_ADC_Start_DMA                        0x08001a5d   Thumb Code   246  stm32f1xx_hal_adc.o(i.HAL_ADC_Start_DMA)
    HAL_ADC_Stop_DMA                         0x08001b69   Thumb Code    76  stm32f1xx_hal_adc.o(i.HAL_ADC_Stop_DMA)
    HAL_DMA_Abort                            0x08001bb5   Thumb Code    48  stm32f1xx_hal_dma.o(i.HAL_DMA_Abort)
    HAL_DMA_IRQHandler                       0x08001be5   Thumb Code   316  stm32f1xx_hal_dma.o(i.HAL_DMA_IRQHandler)
    HAL_DMA_Init                             0x08001d39   Thumb Code    92  stm32f1xx_hal_dma.o(i.HAL_DMA_Init)
    HAL_DMA_Start_IT                         0x08001d9d   Thumb Code   112  stm32f1xx_hal_dma.o(i.HAL_DMA_Start_IT)
    HAL_Delay                                0x08001e0d   Thumb Code    28  stm32f1xx_hal.o(i.HAL_Delay)
    HAL_GPIO_Init                            0x08001e29   Thumb Code   408  stm32f1xx_hal_gpio.o(i.HAL_GPIO_Init)
    HAL_GPIO_WritePin                        0x08001fe5   Thumb Code    10  stm32f1xx_hal_gpio.o(i.HAL_GPIO_WritePin)
    HAL_GetTick                              0x08001ff1   Thumb Code     6  stm32f1xx_hal.o(i.HAL_GetTick)
    HAL_IncTick                              0x08001ffd   Thumb Code    10  stm32f1xx_hal.o(i.HAL_IncTick)
    HAL_Init                                 0x0800200d   Thumb Code    32  stm32f1xx_hal.o(i.HAL_Init)
    HAL_InitTick                             0x08002031   Thumb Code    34  stm32f1xx_hal.o(i.HAL_InitTick)
    HAL_MspInit                              0x08002059   Thumb Code   138  stm32f1xx_hal_msp.o(i.HAL_MspInit)
    HAL_NVIC_EnableIRQ                       0x080020ed   Thumb Code    22  stm32f1xx_hal_cortex.o(i.HAL_NVIC_EnableIRQ)
    HAL_NVIC_SetPriority                     0x08002105   Thumb Code    60  stm32f1xx_hal_cortex.o(i.HAL_NVIC_SetPriority)
    HAL_NVIC_SetPriorityGrouping             0x08002145   Thumb Code    26  stm32f1xx_hal_cortex.o(i.HAL_NVIC_SetPriorityGrouping)
    HAL_PWR_EnableBkUpAccess                 0x08002169   Thumb Code     8  stm32f1xx_hal_pwr.o(i.HAL_PWR_EnableBkUpAccess)
    HAL_RCCEx_GetPeriphCLKFreq               0x08002175   Thumb Code   166  stm32f1xx_hal_rcc_ex.o(i.HAL_RCCEx_GetPeriphCLKFreq)
    HAL_RCCEx_PeriphCLKConfig                0x0800223d   Thumb Code   224  stm32f1xx_hal_rcc_ex.o(i.HAL_RCCEx_PeriphCLKConfig)
    HAL_RCC_ClockConfig                      0x08002329   Thumb Code   322  stm32f1xx_hal_rcc.o(i.HAL_RCC_ClockConfig)
    HAL_RCC_GetHCLKFreq                      0x0800247d   Thumb Code     6  stm32f1xx_hal_rcc.o(i.HAL_RCC_GetHCLKFreq)
    HAL_RCC_GetPCLK1Freq                     0x08002489   Thumb Code    20  stm32f1xx_hal_rcc.o(i.HAL_RCC_GetPCLK1Freq)
    HAL_RCC_GetPCLK2Freq                     0x080024a9   Thumb Code    20  stm32f1xx_hal_rcc.o(i.HAL_RCC_GetPCLK2Freq)
    HAL_RCC_GetSysClockFreq                  0x080024c9   Thumb Code    74  stm32f1xx_hal_rcc.o(i.HAL_RCC_GetSysClockFreq)
    HAL_RCC_OscConfig                        0x08002535   Thumb Code   750  stm32f1xx_hal_rcc.o(i.HAL_RCC_OscConfig)
    HAL_RTCEx_BKUPRead                       0x08002839   Thumb Code    10  stm32f1xx_hal_rtc_ex.o(i.HAL_RTCEx_BKUPRead)
    HAL_RTCEx_BKUPWrite                      0x08002849   Thumb Code    12  stm32f1xx_hal_rtc_ex.o(i.HAL_RTCEx_BKUPWrite)
    HAL_RTC_Init                             0x08002859   Thumb Code   154  stm32f1xx_hal_rtc.o(i.HAL_RTC_Init)
    HAL_RTC_MspInit                          0x080028f9   Thumb Code    40  rtc.o(i.HAL_RTC_MspInit)
    HAL_RTC_WaitForSynchro                   0x0800292d   Thumb Code    58  stm32f1xx_hal_rtc.o(i.HAL_RTC_WaitForSynchro)
    HAL_SYSTICK_CLKSourceConfig              0x08002967   Thumb Code    24  stm32f1xx_hal_cortex.o(i.HAL_SYSTICK_CLKSourceConfig)
    HAL_SYSTICK_Callback                     0x0800297f   Thumb Code     2  stm32f1xx_hal_cortex.o(i.HAL_SYSTICK_Callback)
    HAL_SYSTICK_Config                       0x08002981   Thumb Code    40  stm32f1xx_hal_cortex.o(i.HAL_SYSTICK_Config)
    HAL_SYSTICK_IRQHandler                   0x080029a9   Thumb Code     8  stm32f1xx_hal_cortex.o(i.HAL_SYSTICK_IRQHandler)
    HAL_TIMEx_BreakCallback                  0x080029b1   Thumb Code     2  stm32f1xx_hal_tim_ex.o(i.HAL_TIMEx_BreakCallback)
    HAL_TIMEx_CommutationCallback            0x080029b3   Thumb Code     2  stm32f1xx_hal_tim_ex.o(i.HAL_TIMEx_CommutationCallback)
    HAL_TIMEx_MasterConfigSynchronization    0x080029b5   Thumb Code    80  stm32f1xx_hal_tim_ex.o(i.HAL_TIMEx_MasterConfigSynchronization)
    HAL_TIM_Base_Init                        0x08002a05   Thumb Code    54  stm32f1xx_hal_tim.o(i.HAL_TIM_Base_Init)
    HAL_TIM_Base_MspInit                     0x08002a3d   Thumb Code    72  tim.o(i.HAL_TIM_Base_MspInit)
    HAL_TIM_Base_Start                       0x08002a8d   Thumb Code    26  stm32f1xx_hal_tim.o(i.HAL_TIM_Base_Start)
    HAL_TIM_Base_Stop                        0x08002aa7   Thumb Code    44  stm32f1xx_hal_tim.o(i.HAL_TIM_Base_Stop)
    HAL_TIM_Base_Stop_IT                     0x08002ad3   Thumb Code    42  stm32f1xx_hal_tim.o(i.HAL_TIM_Base_Stop_IT)
    HAL_TIM_ConfigClockSource                0x08002afd   Thumb Code   242  stm32f1xx_hal_tim.o(i.HAL_TIM_ConfigClockSource)
    HAL_TIM_IC_CaptureCallback               0x08002bef   Thumb Code     2  stm32f1xx_hal_tim.o(i.HAL_TIM_IC_CaptureCallback)
    HAL_TIM_IRQHandler                       0x08002bf1   Thumb Code   358  stm32f1xx_hal_tim.o(i.HAL_TIM_IRQHandler)
    HAL_TIM_OC_DelayElapsedCallback          0x08002d57   Thumb Code     2  stm32f1xx_hal_tim.o(i.HAL_TIM_OC_DelayElapsedCallback)
    HAL_TIM_PWM_PulseFinishedCallback        0x08002d59   Thumb Code     2  stm32f1xx_hal_tim.o(i.HAL_TIM_PWM_PulseFinishedCallback)
    HAL_TIM_PeriodElapsedCallback            0x08002d5d   Thumb Code    32  main.o(i.HAL_TIM_PeriodElapsedCallback)
    HAL_TIM_TriggerCallback                  0x08002d85   Thumb Code     2  stm32f1xx_hal_tim.o(i.HAL_TIM_TriggerCallback)
    HAL_UART_Init                            0x08002d87   Thumb Code    98  stm32f1xx_hal_uart.o(i.HAL_UART_Init)
    HAL_UART_MspInit                         0x08002de9   Thumb Code    76  usart.o(i.HAL_UART_MspInit)
    HAL_UART_Transmit                        0x08002e41   Thumb Code   186  stm32f1xx_hal_uart.o(i.HAL_UART_Transmit)
    HardFault_Handler                        0x08002efb   Thumb Code     2  stm32f1xx_it.o(i.HardFault_Handler)
    Initial_sh1122                           0x08002efd   Thumb Code   216  oled.o(i.Initial_sh1122)
    Is_Leap_Year                             0x08002fd9   Thumb Code    38  rtcpro.o(i.Is_Leap_Year)
    Key_Init                                 0x08003001   Thumb Code    10  key.o(i.Key_Init)
    Key_Pro                                  0x08003011   Thumb Code    38  key.o(i.Key_Pro)
    Key_Scan                                 0x0800303d   Thumb Code    60  key.o(i.Key_Scan)
    Key_fft                                  0x08003081   Thumb Code   280  key.o(i.Key_fft)
    Key_time                                 0x080031a9   Thumb Code   468  key.o(i.Key_time)
    LED_Ctr                                  0x08003389   Thumb Code    20  display.o(i.LED_Ctr)
    MX_ADC1_Init                             0x080033a1   Thumb Code    70  adc.o(i.MX_ADC1_Init)
    MX_DMA_Init                              0x08003401   Thumb Code    40  dma.o(i.MX_DMA_Init)
    MX_GPIO_Init                             0x0800342d   Thumb Code   178  gpio.o(i.MX_GPIO_Init)
    MX_RTC_Init                              0x080034ed   Thumb Code    42  rtc.o(i.MX_RTC_Init)
    MX_TIM2_Init                             0x08003531   Thumb Code    96  tim.o(i.MX_TIM2_Init)
    MX_TIM3_Init                             0x080035a5   Thumb Code    94  tim.o(i.MX_TIM3_Init)
    MX_USART1_UART_Init                      0x0800361d   Thumb Code    52  usart.o(i.MX_USART1_UART_Init)
    MemManage_Handler                        0x08003669   Thumb Code     2  stm32f1xx_it.o(i.MemManage_Handler)
    NMI_Handler                              0x0800366b   Thumb Code     2  stm32f1xx_it.o(i.NMI_Handler)
    OLED_Clear                               0x0800368d   Thumb Code    34  oled.o(i.OLED_Clear)
    OLED_Delay                               0x080036b5   Thumb Code    24  oled.o(i.OLED_Delay)
    OLED_DrawPoint                           0x080036cd   Thumb Code    54  oled.o(i.OLED_DrawPoint)
    OLED_Refresh_Gram                        0x08003709   Thumb Code    64  oled.o(i.OLED_Refresh_Gram)
    OLED_Set_Pos                             0x0800374d   Thumb Code    40  oled.o(i.OLED_Set_Pos)
    PendSV_Handler                           0x08003775   Thumb Code     2  stm32f1xx_it.o(i.PendSV_Handler)
    RTC_Display                              0x08003779   Thumb Code   232  rtcpro.o(i.RTC_Display)
    RTC_Get                                  0x080038d5   Thumb Code   214  rtcpro.o(i.RTC_Get)
    RTC_Get_Week                             0x080039bd   Thumb Code    76  rtcpro.o(i.RTC_Get_Week)
    RTC_Init                                 0x08003a0d   Thumb Code    58  rtcpro.o(i.RTC_Init)
    RTC_Set                                  0x08003a4d   Thumb Code   164  rtcpro.o(i.RTC_Set)
    RTC_Write_Cnt                            0x08003b01   Thumb Code    46  rtcpro.o(i.RTC_Write_Cnt)
    SVC_Handler                              0x08003b35   Thumb Code     2  stm32f1xx_it.o(i.SVC_Handler)
    Show_Set_FFT                             0x08003b39   Thumb Code    76  key.o(i.Show_Set_FFT)
    Show_Set_Time                            0x08003bb1   Thumb Code   116  key.o(i.Show_Set_Time)
    Single_Check                             0x08003c6d   Thumb Code    84  display.o(i.Single_Check)
    SysTick_Handler                          0x08003cc9   Thumb Code    14  stm32f1xx_it.o(i.SysTick_Handler)
    SystemClock_Config                       0x08003cd7   Thumb Code   134  main.o(i.SystemClock_Config)
    SystemInit                               0x08003d5d   Thumb Code    56  system_stm32f1xx.o(i.SystemInit)
    TIM2_IRQHandler                          0x08003da5   Thumb Code     6  stm32f1xx_it.o(i.TIM2_IRQHandler)
    TIM_Base_SetConfig                       0x08003db1   Thumb Code    94  stm32f1xx_hal_tim.o(i.TIM_Base_SetConfig)
    UsageFault_Handler                       0x0800405d   Thumb Code     2  stm32f1xx_it.o(i.UsageFault_Handler)
    Write_Parameter                          0x08004061   Thumb Code    94  oled.o(i.Write_Parameter)
    Write_Register                           0x080040c5   Thumb Code    94  oled.o(i.Write_Register)
    _Error_Handler                           0x08004129   Thumb Code     2  main.o(i._Error_Handler)
    __0printf$bare                           0x0800412d   Thumb Code     8  printfb.o(i.__0printf$bare)
    __1printf$bare                           0x0800412d   Thumb Code     0  printfb.o(i.__0printf$bare)
    __2printf                                0x0800412d   Thumb Code     0  printfb.o(i.__0printf$bare)
    __scatterload_copy                       0x0800413d   Thumb Code    14  handlers.o(i.__scatterload_copy)
    __scatterload_null                       0x0800414b   Thumb Code     2  handlers.o(i.__scatterload_null)
    __scatterload_zeroinit                   0x0800414d   Thumb Code    14  handlers.o(i.__scatterload_zeroinit)
    __set_errno                              0x0800415d   Thumb Code     6  errno.o(i.__set_errno)
    display1                                 0x0800418d   Thumb Code   232  display.o(i.display1)
    display2                                 0x08004281   Thumb Code   152  display.o(i.display2)
    display3                                 0x08004325   Thumb Code   222  display.o(i.display3)
    display_pro                              0x08004415   Thumb Code    58  display.o(i.display_pro)
    fputc                                    0x08004455   Thumb Code    20  usart.o(i.fputc)
    main                                     0x0800446d   Thumb Code    70  main.o(i.main)
    main_task                                0x080044d5   Thumb Code   136  main.o(i.main_task)
    sqrt                                     0x0800457d   Thumb Code    76  sqrt.o(i.sqrt)
    gImage_bg                                0x080045c8   Data        1024  display.o(.constdata)
    table_week                               0x080049c8   Data          12  rtcpro.o(.constdata)
    mon_table                                0x080049d4   Data          12  rtcpro.o(.constdata)
    AHBPrescTable                            0x080049e0   Data          16  system_stm32f1xx.o(.constdata)
    APBPrescTable                            0x080049f0   Data           8  system_stm32f1xx.o(.constdata)
    FONT5x7ASCII                             0x080049f8   Data         768  font5_7.o(.constdata)
    FONT8x8ASCII                             0x08004cf8   Data         768  font8_8.o(.constdata)
    DCB2HEX_TAB                              0x08004ff8   Data           8  gui_stockc.o(.constdata)
    Region$$Table$$Base                      0x08005000   Number         0  anon$$obj.o(Region$$Table)
    Region$$Table$$Limit                     0x08005020   Number         0  anon$$obj.o(Region$$Table)
    adc_dma_ok                               0x20000000   Data           1  fft.o(.data)
    display_mode_temp                        0x20000001   Data           1  key.o(.data)
    Set_info                                 0x20000003   Data           2  key.o(.data)
    prt                                      0x2000000c   Data           1  display.o(.data)
    display_num                              0x2000000d   Data           1  display.o(.data)
    fal_speed                                0x2000000e   Data           1  display.o(.data)
    display_auto                             0x2000000f   Data           1  display.o(.data)
    Current_display_mode                     0x20000016   Data           1  display.o(.data)
    time                                     0x20000019   Data           3  rtcpro.o(.data)
    date                                     0x20000020   Data           6  rtcpro.o(.data)
    my_num8x16                               0x20000026   Data         176  rtcpro.o(.data)
    my_num16x32                              0x200000d6   Data         768  rtcpro.o(.data)
    my_font32x32                             0x200003d6   Data        1408  rtcpro.o(.data)
    time_num                                 0x20000958   Data           2  main.o(.data)
    uwTick                                   0x2000095c   Data           4  stm32f1xx_hal.o(.data)
    SystemCoreClock                          0x20000960   Data           4  system_stm32f1xx.o(.data)
    disp_color                               0x20000964   Data           1  gui_stockc.o(.data)
    back_color                               0x20000965   Data           1  gui_stockc.o(.data)
    __stdout                                 0x20000968   Data           4  stdout.o(.data)
    OLED_GRAM                                0x20000970   Data        8192  oled.o(.bss)
    adc_buf                                  0x20002970   Data        1024  fft.o(.bss)
    lBufMagArray                             0x20003570   Data        1024  fft.o(.bss)
    fal_pot                                  0x20003970   Data         256  display.o(.bss)
    hadc1                                    0x20003a70   Data          48  adc.o(.bss)
    hdma_adc1                                0x20003aa0   Data          68  adc.o(.bss)
    hrtc                                     0x20003ae4   Data          20  rtc.o(.bss)
    htim2                                    0x20003af8   Data          64  tim.o(.bss)
    htim3                                    0x20003b38   Data          64  tim.o(.bss)
    huart1                                   0x20003b78   Data          64  usart.o(.bss)
    __initial_sp                             0x20003fb8   Data           0  startup_stm32f103xb.o(STACK)



==============================================================================

Memory Map of the image

  Image Entry point : 0x080000ed

  Load Region LR_IROM1 (Base: 0x08000000, Size: 0x00005990, Max: 0x00010000, ABSOLUTE, COMPRESSED[0x00005480])

    Execution Region ER_IROM1 (Base: 0x08000000, Size: 0x00005020, Max: 0x00010000, ABSOLUTE)

    Base Addr    Size         Type   Attr      Idx    E Section Name        Object

    0x08000000   0x000000ec   Data   RO            3    RESET               startup_stm32f103xb.o
    0x080000ec   0x00000000   Code   RO         4391  * .ARM.Collect$$$$00000000  mc_w.l(entry.o)
    0x080000ec   0x00000004   Code   RO         4682    .ARM.Collect$$$$00000001  mc_w.l(entry2.o)
    0x080000f0   0x00000004   Code   RO         4685    .ARM.Collect$$$$00000004  mc_w.l(entry5.o)
    0x080000f4   0x00000000   Code   RO         4687    .ARM.Collect$$$$00000008  mc_w.l(entry7b.o)
    0x080000f4   0x00000000   Code   RO         4689    .ARM.Collect$$$$0000000A  mc_w.l(entry8b.o)
    0x080000f4   0x00000008   Code   RO         4690    .ARM.Collect$$$$0000000B  mc_w.l(entry9a.o)
    0x080000fc   0x00000000   Code   RO         4692    .ARM.Collect$$$$0000000D  mc_w.l(entry10a.o)
    0x080000fc   0x00000000   Code   RO         4694    .ARM.Collect$$$$0000000F  mc_w.l(entry11a.o)
    0x080000fc   0x00000004   Code   RO         4683    .ARM.Collect$$$$00002712  mc_w.l(entry2.o)
    0x08000100   0x00000024   Code   RO            4    .text               startup_stm32f103xb.o
    0x08000124   0x000005de   Code   RO         4377    .text               cr4_fft_256_stm32.o
    0x08000702   0x00000020   Code   RO         4394    .text               mc_w.l(llushr.o)
    0x08000722   0x000000b0   Code   RO         4656    .text               mf_w.l(fadd.o)
    0x080007d2   0x00000064   Code   RO         4658    .text               mf_w.l(fmul.o)
    0x08000836   0x00000018   Code   RO         4662    .text               mf_w.l(fscalb.o)
    0x0800084e   0x0000002e   Code   RO         4664    .text               mf_w.l(dscalb.o)
    0x0800087c   0x00000012   Code   RO         4666    .text               mf_w.l(fflti.o)
    0x0800088e   0x00000028   Code   RO         4674    .text               mf_w.l(ffixui.o)
    0x080008b6   0x00000026   Code   RO         4678    .text               mf_w.l(f2d.o)
    0x080008dc   0x00000038   Code   RO         4680    .text               mf_w.l(d2f.o)
    0x08000914   0x00000000   Code   RO         4708    .text               mc_w.l(iusefp.o)
    0x08000914   0x0000006e   Code   RO         4709    .text               mf_w.l(fepilogue.o)
    0x08000982   0x000000ba   Code   RO         4711    .text               mf_w.l(depilogue.o)
    0x08000a3c   0x000000a2   Code   RO         4719    .text               mf_w.l(dsqrt.o)
    0x08000ade   0x00000002   PAD
    0x08000ae0   0x00000024   Code   RO         4727    .text               mc_w.l(init.o)
    0x08000b04   0x0000001e   Code   RO         4729    .text               mc_w.l(llshl.o)
    0x08000b22   0x00000056   Code   RO         4741    .text               mc_w.l(__dczerorl2.o)
    0x08000b78   0x0000004c   Code   RO         1163    i.ADC_ConversionStop_Disable  stm32f1xx_hal_adc.o
    0x08000bc4   0x0000004e   Code   RO         1164    i.ADC_DMAConvCplt   stm32f1xx_hal_adc.o
    0x08000c12   0x0000001a   Code   RO         1165    i.ADC_DMAError      stm32f1xx_hal_adc.o
    0x08000c2c   0x0000000a   Code   RO         1166    i.ADC_DMAHalfConvCplt  stm32f1xx_hal_adc.o
    0x08000c36   0x00000002   PAD
    0x08000c38   0x00000070   Code   RO         1167    i.ADC_Enable        stm32f1xx_hal_adc.o
    0x08000ca8   0x00000002   Code   RO         1015    i.BusFault_Handler  stm32f1xx_it.o
    0x08000caa   0x00000002   PAD
    0x08000cac   0x0000000c   Code   RO         1016    i.DMA1_Channel1_IRQHandler  stm32f1xx_it.o
    0x08000cb8   0x0000002a   Code   RO         3246    i.DMA_SetConfig     stm32f1xx_hal_dma.o
    0x08000ce2   0x00000002   Code   RO         1017    i.DebugMon_Handler  stm32f1xx_it.o
    0x08000ce4   0x0000004c   Code   RO          552    i.Display_Init      display.o
    0x08000d30   0x00000040   Code   RO          288    i.FFT_Pro           fft.o
    0x08000d70   0x00000024   Code   RO          289    i.FFT_Start         fft.o
    0x08000d94   0x0000001c   Code   RO          290    i.FFT_Stop          fft.o
    0x08000db0   0x0000004c   Code   RO          362    i.Func_Date         key.o
    0x08000dfc   0x00000020   Code   RO          363    i.Func_Exit         key.o
    0x08000e1c   0x0000004c   Code   RO          364    i.Func_Exit_Time    key.o
    0x08000e68   0x00000050   Code   RO          365    i.Func_FalSpeed     key.o
    0x08000eb8   0x0000004c   Code   RO          366    i.Func_Hours        key.o
    0x08000f04   0x0000004c   Code   RO          367    i.Func_Minutes      key.o
    0x08000f50   0x00000060   Code   RO          368    i.Func_ModeSet      key.o
    0x08000fb0   0x0000004c   Code   RO          369    i.Func_Month        key.o
    0x08000ffc   0x0000004c   Code   RO          370    i.Func_Seconds      key.o
    0x08001048   0x0000005c   Code   RO          371    i.Func_ShowMode     key.o
    0x080010a4   0x00000064   Code   RO          372    i.Func_ShowMode_Time  key.o
    0x08001108   0x0000004c   Code   RO          373    i.Func_Year         key.o
    0x08001154   0x00000004   Code   RO         4138    i.GUI_ClearSCR      lcmdrv.o
    0x08001158   0x00000004   Code   RO         4139    i.GUI_Exec          lcmdrv.o
    0x0800115c   0x0000002c   Code   RO         4141    i.GUI_HLine         lcmdrv.o
    0x08001188   0x00000004   Code   RO         4142    i.GUI_Initialize    lcmdrv.o
    0x0800118c   0x000000c8   Code   RO         3992    i.GUI_Line          gui_basic.o
    0x08001254   0x00000148   Code   RO         3994    i.GUI_LineWith      gui_basic.o
    0x0800139c   0x0000006c   Code   RO         4264    i.GUI_LoadLine      loadbit.o
    0x08001408   0x00000036   Code   RO         4265    i.GUI_LoadPic       loadbit.o
    0x0800143e   0x00000004   Code   RO         4143    i.GUI_Point         lcmdrv.o
    0x08001442   0x00000002   PAD
    0x08001444   0x0000004c   Code   RO         3996    i.GUI_PointS        gui_basic.o
    0x08001490   0x00000084   Code   RO         3900    i.GUI_PutChar       font5_7.o
    0x08001514   0x00000084   Code   RO         3939    i.GUI_PutChar8_8    font8_8.o
    0x08001598   0x00000038   Code   RO         4267    i.GUI_PutHZ         loadbit.o
    0x080015d0   0x00000070   Code   RO          622    i.GUI_PutNum16x32   rtcpro.o
    0x08001640   0x00000022   Code   RO         3903    i.GUI_PutString     font5_7.o
    0x08001662   0x0000002a   Code   RO         4144    i.GUI_RLine         lcmdrv.o
    0x0800168c   0x0000000c   Code   RO         4101    i.GUI_SetColor      gui_stockc.o
    0x08001698   0x0000006a   Code   RO         3904    i.GUI_ShowNum       font5_7.o
    0x08001702   0x00000002   PAD
    0x08001704   0x0000009c   Code   RO          291    i.GetPowerMag       fft.o
    0x080017a0   0x000000fc   Code   RO         1169    i.HAL_ADC_ConfigChannel  stm32f1xx_hal_adc.o
    0x0800189c   0x00000014   Code   RO          292    i.HAL_ADC_ConvCpltCallback  fft.o
    0x080018b0   0x00000002   Code   RO         1171    i.HAL_ADC_ConvHalfCpltCallback  stm32f1xx_hal_adc.o
    0x080018b2   0x00000002   Code   RO         1173    i.HAL_ADC_ErrorCallback  stm32f1xx_hal_adc.o
    0x080018b4   0x0000011c   Code   RO         1178    i.HAL_ADC_Init      stm32f1xx_hal_adc.o
    0x080019d0   0x0000008c   Code   RO          812    i.HAL_ADC_MspInit   adc.o
    0x08001a5c   0x0000010c   Code   RO         1185    i.HAL_ADC_Start_DMA  stm32f1xx_hal_adc.o
    0x08001b68   0x0000004c   Code   RO         1188    i.HAL_ADC_Stop_DMA  stm32f1xx_hal_adc.o
    0x08001bb4   0x00000030   Code   RO         3247    i.HAL_DMA_Abort     stm32f1xx_hal_dma.o
    0x08001be4   0x00000154   Code   RO         3252    i.HAL_DMA_IRQHandler  stm32f1xx_hal_dma.o
    0x08001d38   0x00000064   Code   RO         3253    i.HAL_DMA_Init      stm32f1xx_hal_dma.o
    0x08001d9c   0x00000070   Code   RO         3257    i.HAL_DMA_Start_IT  stm32f1xx_hal_dma.o
    0x08001e0c   0x0000001c   Code   RO         2908    i.HAL_Delay         stm32f1xx_hal.o
    0x08001e28   0x000001bc   Code   RO         3183    i.HAL_GPIO_Init     stm32f1xx_hal_gpio.o
    0x08001fe4   0x0000000a   Code   RO         3187    i.HAL_GPIO_WritePin  stm32f1xx_hal_gpio.o
    0x08001fee   0x00000002   PAD
    0x08001ff0   0x0000000c   Code   RO         2912    i.HAL_GetTick       stm32f1xx_hal.o
    0x08001ffc   0x00000010   Code   RO         2914    i.HAL_IncTick       stm32f1xx_hal.o
    0x0800200c   0x00000024   Code   RO         2915    i.HAL_Init          stm32f1xx_hal.o
    0x08002030   0x00000028   Code   RO         2916    i.HAL_InitTick      stm32f1xx_hal.o
    0x08002058   0x00000094   Code   RO         1103    i.HAL_MspInit       stm32f1xx_hal_msp.o
    0x080020ec   0x00000016   Code   RO         3343    i.HAL_NVIC_EnableIRQ  stm32f1xx_hal_cortex.o
    0x08002102   0x00000002   PAD
    0x08002104   0x00000040   Code   RO         3349    i.HAL_NVIC_SetPriority  stm32f1xx_hal_cortex.o
    0x08002144   0x00000024   Code   RO         3350    i.HAL_NVIC_SetPriorityGrouping  stm32f1xx_hal_cortex.o
    0x08002168   0x0000000c   Code   RO         3465    i.HAL_PWR_EnableBkUpAccess  stm32f1xx_hal_pwr.o
    0x08002174   0x000000c8   Code   RO         3145    i.HAL_RCCEx_GetPeriphCLKFreq  stm32f1xx_hal_rcc_ex.o
    0x0800223c   0x000000ec   Code   RO         3146    i.HAL_RCCEx_PeriphCLKConfig  stm32f1xx_hal_rcc_ex.o
    0x08002328   0x00000154   Code   RO         3043    i.HAL_RCC_ClockConfig  stm32f1xx_hal_rcc.o
    0x0800247c   0x0000000c   Code   RO         3048    i.HAL_RCC_GetHCLKFreq  stm32f1xx_hal_rcc.o
    0x08002488   0x00000020   Code   RO         3050    i.HAL_RCC_GetPCLK1Freq  stm32f1xx_hal_rcc.o
    0x080024a8   0x00000020   Code   RO         3051    i.HAL_RCC_GetPCLK2Freq  stm32f1xx_hal_rcc.o
    0x080024c8   0x0000006c   Code   RO         3052    i.HAL_RCC_GetSysClockFreq  stm32f1xx_hal_rcc.o
    0x08002534   0x00000304   Code   RO         3055    i.HAL_RCC_OscConfig  stm32f1xx_hal_rcc.o
    0x08002838   0x00000010   Code   RO         1609    i.HAL_RTCEx_BKUPRead  stm32f1xx_hal_rtc_ex.o
    0x08002848   0x00000010   Code   RO         1610    i.HAL_RTCEx_BKUPWrite  stm32f1xx_hal_rtc_ex.o
    0x08002858   0x000000a0   Code   RO         1447    i.HAL_RTC_Init      stm32f1xx_hal_rtc.o
    0x080028f8   0x00000034   Code   RO          878    i.HAL_RTC_MspInit   rtc.o
    0x0800292c   0x0000003a   Code   RO         1455    i.HAL_RTC_WaitForSynchro  stm32f1xx_hal_rtc.o
    0x08002966   0x00000018   Code   RO         3352    i.HAL_SYSTICK_CLKSourceConfig  stm32f1xx_hal_cortex.o
    0x0800297e   0x00000002   Code   RO         3353    i.HAL_SYSTICK_Callback  stm32f1xx_hal_cortex.o
    0x08002980   0x00000028   Code   RO         3354    i.HAL_SYSTICK_Config  stm32f1xx_hal_cortex.o
    0x080029a8   0x00000008   Code   RO         3355    i.HAL_SYSTICK_IRQHandler  stm32f1xx_hal_cortex.o
    0x080029b0   0x00000002   Code   RO         2342    i.HAL_TIMEx_BreakCallback  stm32f1xx_hal_tim_ex.o
    0x080029b2   0x00000002   Code   RO         2343    i.HAL_TIMEx_CommutationCallback  stm32f1xx_hal_tim_ex.o
    0x080029b4   0x00000050   Code   RO         2359    i.HAL_TIMEx_MasterConfigSynchronization  stm32f1xx_hal_tim_ex.o
    0x08002a04   0x00000036   Code   RO         1713    i.HAL_TIM_Base_Init  stm32f1xx_hal_tim.o
    0x08002a3a   0x00000002   PAD
    0x08002a3c   0x00000050   Code   RO          920    i.HAL_TIM_Base_MspInit  tim.o
    0x08002a8c   0x0000001a   Code   RO         1716    i.HAL_TIM_Base_Start  stm32f1xx_hal_tim.o
    0x08002aa6   0x0000002c   Code   RO         1719    i.HAL_TIM_Base_Stop  stm32f1xx_hal_tim.o
    0x08002ad2   0x0000002a   Code   RO         1721    i.HAL_TIM_Base_Stop_IT  stm32f1xx_hal_tim.o
    0x08002afc   0x000000f2   Code   RO         1722    i.HAL_TIM_ConfigClockSource  stm32f1xx_hal_tim.o
    0x08002bee   0x00000002   Code   RO         1742    i.HAL_TIM_IC_CaptureCallback  stm32f1xx_hal_tim.o
    0x08002bf0   0x00000166   Code   RO         1755    i.HAL_TIM_IRQHandler  stm32f1xx_hal_tim.o
    0x08002d56   0x00000002   Code   RO         1758    i.HAL_TIM_OC_DelayElapsedCallback  stm32f1xx_hal_tim.o
    0x08002d58   0x00000002   Code   RO         1785    i.HAL_TIM_PWM_PulseFinishedCallback  stm32f1xx_hal_tim.o
    0x08002d5a   0x00000002   PAD
    0x08002d5c   0x00000028   Code   RO          710    i.HAL_TIM_PeriodElapsedCallback  main.o
    0x08002d84   0x00000002   Code   RO         1796    i.HAL_TIM_TriggerCallback  stm32f1xx_hal_tim.o
    0x08002d86   0x00000062   Code   RO         2600    i.HAL_UART_Init     stm32f1xx_hal_uart.o
    0x08002de8   0x00000058   Code   RO          968    i.HAL_UART_MspInit  usart.o
    0x08002e40   0x000000ba   Code   RO         2608    i.HAL_UART_Transmit  stm32f1xx_hal_uart.o
    0x08002efa   0x00000002   Code   RO         1018    i.HardFault_Handler  stm32f1xx_it.o
    0x08002efc   0x000000dc   Code   RO           16    i.Initial_sh1122    oled.o
    0x08002fd8   0x00000026   Code   RO          624    i.Is_Leap_Year      rtcpro.o
    0x08002ffe   0x00000002   PAD
    0x08003000   0x00000010   Code   RO          374    i.Key_Init          key.o
    0x08003010   0x0000002c   Code   RO          375    i.Key_Pro           key.o
    0x0800303c   0x00000044   Code   RO          376    i.Key_Scan          key.o
    0x08003080   0x00000128   Code   RO          377    i.Key_fft           key.o
    0x080031a8   0x000001e0   Code   RO          378    i.Key_time          key.o
    0x08003388   0x00000018   Code   RO          553    i.LED_Ctr           display.o
    0x080033a0   0x00000060   Code   RO          813    i.MX_ADC1_Init      adc.o
    0x08003400   0x0000002c   Code   RO          853    i.MX_DMA_Init       dma.o
    0x0800342c   0x000000c0   Code   RO          787    i.MX_GPIO_Init      gpio.o
    0x080034ec   0x00000044   Code   RO          879    i.MX_RTC_Init       rtc.o
    0x08003530   0x00000074   Code   RO          921    i.MX_TIM2_Init      tim.o
    0x080035a4   0x00000078   Code   RO          922    i.MX_TIM3_Init      tim.o
    0x0800361c   0x0000004c   Code   RO          969    i.MX_USART1_UART_Init  usart.o
    0x08003668   0x00000002   Code   RO         1019    i.MemManage_Handler  stm32f1xx_it.o
    0x0800366a   0x00000002   Code   RO         1020    i.NMI_Handler       stm32f1xx_it.o
    0x0800366c   0x00000020   Code   RO         3356    i.NVIC_SetPriority  stm32f1xx_hal_cortex.o
    0x0800368c   0x00000028   Code   RO           17    i.OLED_Clear        oled.o
    0x080036b4   0x00000018   Code   RO           18    i.OLED_Delay        oled.o
    0x080036cc   0x0000003c   Code   RO           20    i.OLED_DrawPoint    oled.o
    0x08003708   0x00000044   Code   RO           24    i.OLED_Refresh_Gram  oled.o
    0x0800374c   0x00000028   Code   RO           25    i.OLED_Set_Pos      oled.o
    0x08003774   0x00000002   Code   RO         1021    i.PendSV_Handler    stm32f1xx_it.o
    0x08003776   0x00000002   PAD
    0x08003778   0x000000f0   Code   RO          625    i.RTC_Display       rtcpro.o
    0x08003868   0x00000034   Code   RO         1459    i.RTC_EnterInitMode  stm32f1xx_hal_rtc.o
    0x0800389c   0x00000036   Code   RO         1460    i.RTC_ExitInitMode  stm32f1xx_hal_rtc.o
    0x080038d2   0x00000002   PAD
    0x080038d4   0x000000e8   Code   RO          626    i.RTC_Get           rtcpro.o
    0x080039bc   0x00000050   Code   RO          627    i.RTC_Get_Week      rtcpro.o
    0x08003a0c   0x00000040   Code   RO          628    i.RTC_Init          rtcpro.o
    0x08003a4c   0x000000b4   Code   RO          629    i.RTC_Set           rtcpro.o
    0x08003b00   0x00000034   Code   RO          630    i.RTC_Write_Cnt     rtcpro.o
    0x08003b34   0x00000002   Code   RO         1022    i.SVC_Handler       stm32f1xx_it.o
    0x08003b36   0x00000002   PAD
    0x08003b38   0x00000078   Code   RO          379    i.Show_Set_FFT      key.o
    0x08003bb0   0x000000bc   Code   RO          380    i.Show_Set_Time     key.o
    0x08003c6c   0x0000005c   Code   RO          554    i.Single_Check      display.o
    0x08003cc8   0x0000000e   Code   RO         1023    i.SysTick_Handler   stm32f1xx_it.o
    0x08003cd6   0x00000086   Code   RO          711    i.SystemClock_Config  main.o
    0x08003d5c   0x00000048   Code   RO         3772    i.SystemInit        system_stm32f1xx.o
    0x08003da4   0x0000000c   Code   RO         1024    i.TIM2_IRQHandler   stm32f1xx_it.o
    0x08003db0   0x0000006c   Code   RO         1797    i.TIM_Base_SetConfig  stm32f1xx_hal_tim.o
    0x08003e1c   0x00000014   Code   RO         1804    i.TIM_ETR_SetConfig  stm32f1xx_hal_tim.o
    0x08003e30   0x00000010   Code   RO         1805    i.TIM_ITRx_SetConfig  stm32f1xx_hal_tim.o
    0x08003e40   0x00000022   Code   RO         1811    i.TIM_TI1_ConfigInputStage  stm32f1xx_hal_tim.o
    0x08003e62   0x00000024   Code   RO         1813    i.TIM_TI2_ConfigInputStage  stm32f1xx_hal_tim.o
    0x08003e86   0x00000002   PAD
    0x08003e88   0x00000170   Code   RO         2626    i.UART_SetConfig    stm32f1xx_hal_uart.o
    0x08003ff8   0x00000064   Code   RO         2628    i.UART_WaitOnFlagUntilTimeout  stm32f1xx_hal_uart.o
    0x0800405c   0x00000002   Code   RO         1025    i.UsageFault_Handler  stm32f1xx_it.o
    0x0800405e   0x00000002   PAD
    0x08004060   0x00000064   Code   RO           33    i.Write_Parameter   oled.o
    0x080040c4   0x00000064   Code   RO           34    i.Write_Register    oled.o
    0x08004128   0x00000002   Code   RO          712    i._Error_Handler    main.o
    0x0800412a   0x00000002   PAD
    0x0800412c   0x00000010   Code   RO         4397    i.__0printf$bare    mc_w.l(printfb.o)
    0x0800413c   0x0000000e   Code   RO         4735    i.__scatterload_copy  mc_w.l(handlers.o)
    0x0800414a   0x00000002   Code   RO         4736    i.__scatterload_null  mc_w.l(handlers.o)
    0x0800414c   0x0000000e   Code   RO         4737    i.__scatterload_zeroinit  mc_w.l(handlers.o)
    0x0800415a   0x00000002   PAD
    0x0800415c   0x0000000c   Code   RO         4703    i.__set_errno       mc_w.l(errno.o)
    0x08004168   0x00000022   Code   RO         4404    i._printf_core      mc_w.l(printfb.o)
    0x0800418a   0x00000002   PAD
    0x0800418c   0x000000f4   Code   RO          555    i.display1          display.o
    0x08004280   0x000000a4   Code   RO          556    i.display2          display.o
    0x08004324   0x000000f0   Code   RO          557    i.display3          display.o
    0x08004414   0x00000040   Code   RO          558    i.display_pro       display.o
    0x08004454   0x00000018   Code   RO          970    i.fputc             usart.o
    0x0800446c   0x00000068   Code   RO          713    i.main              main.o
    0x080044d4   0x00000098   Code   RO          714    i.main_task         main.o
    0x0800456c   0x00000010   Code   RO          631    i.mypow             rtcpro.o
    0x0800457c   0x0000004c   Code   RO         4384    i.sqrt              m_ws.l(sqrt.o)
    0x080045c8   0x00000400   Data   RO          560    .constdata          display.o
    0x080049c8   0x00000018   Data   RO          632    .constdata          rtcpro.o
    0x080049e0   0x00000010   Data   RO         3773    .constdata          system_stm32f1xx.o
    0x080049f0   0x00000008   Data   RO         3774    .constdata          system_stm32f1xx.o
    0x080049f8   0x00000300   Data   RO         3905    .constdata          font5_7.o
    0x08004cf8   0x00000300   Data   RO         3944    .constdata          font8_8.o
    0x08004ff8   0x00000008   Data   RO         4102    .constdata          gui_stockc.o
    0x08005000   0x00000020   Data   RO         4733    Region$$Table       anon$$obj.o


    Execution Region RW_IRAM1 (Base: 0x20000000, Size: 0x00003fb8, Max: 0x00005000, ABSOLUTE, COMPRESSED[0x00000460])

    Base Addr    Size         Type   Attr      Idx    E Section Name        Object

    0x20000000   0x00000001   Data   RW          295    .data               fft.o
    0x20000001   0x0000000b   Data   RW          381    .data               key.o
    0x2000000c   0x0000000a   Data   RW          561    .data               display.o
    0x20000016   0x00000001   Data   RW          562    .data               display.o
    0x20000017   0x00000001   PAD
    0x20000018   0x0000093e   Data   RW          633    .data               rtcpro.o
    0x20000956   0x00000004   Data   RW          717    .data               main.o
    0x2000095a   0x00000002   PAD
    0x2000095c   0x00000004   Data   RW         2921    .data               stm32f1xx_hal.o
    0x20000960   0x00000004   Data   RW         3775    .data               system_stm32f1xx.o
    0x20000964   0x00000002   Data   RW         4103    .data               gui_stockc.o
    0x20000966   0x00000002   PAD
    0x20000968   0x00000004   Data   RW         4696    .data               mc_w.l(stdout.o)
    0x2000096c   0x00000004   Data   RW         4704    .data               mc_w.l(errno.o)
    0x20000970   0x00002000   Zero   RW           38    .bss                oled.o
    0x20002970   0x00001000   Zero   RW          293    .bss                fft.o
    0x20003970   0x00000100   Zero   RW          559    .bss                display.o
    0x20003a70   0x00000074   Zero   RW          814    .bss                adc.o
    0x20003ae4   0x00000014   Zero   RW          880    .bss                rtc.o
    0x20003af8   0x00000080   Zero   RW          923    .bss                tim.o
    0x20003b78   0x00000040   Zero   RW          971    .bss                usart.o
    0x20003bb8   0x00000400   Zero   RW            1    STACK               startup_stm32f103xb.o


==============================================================================

Image component sizes


      Code (inc. data)   RO Data    RW Data    ZI Data      Debug   Object Name

       236         64          0          0        116       1859   adc.o
         0          0          0          0          0        800   convertcolor.o
      1502       1008          0          0          0        336   cr4_fft_256_stm32.o
       904         70       1024         11        256       5803   display.o
        44          4          0          0          0        834   dma.o
       304         40          0          1       4096       4049   fft.o
       272         18        768          0          0       3315   font5_7.o
       132         18        768          0          0       1697   font8_8.o
       192         14          0          0          0       1047   gpio.o
       604          0          0          0          0       4231   gui_basic.o
        12          4          8          2          0       1255   gui_stockc.o
      2144        540          0         11          0      12390   key.o
       102          0          0          0          0       3751   lcmdrv.o
       218         12          0          0          0       2801   loadbit.o
       432         58          0          4          0       3844   main.o
       652         32          0          0       8192     460899   oled.o
       120         38          0          0         20       1671   rtc.o
      1014         66         24       2366          0       7494   rtcpro.o
        36          8        236          0       1024        836   startup_stm32f103xb.o
       132         22          0          4          0       4003   stm32f1xx_hal.o
      1186         54          0          0          0       9338   stm32f1xx_hal_adc.o
       228         14          0          0          0      27849   stm32f1xx_hal_cortex.o
       642         32          0          0          0       4479   stm32f1xx_hal_dma.o
       454         36          0          0          0       3024   stm32f1xx_hal_gpio.o
       148         10          0          0          0        982   stm32f1xx_hal_msp.o
        12          4          0          0          0        563   stm32f1xx_hal_pwr.o
      1296        104          0          0          0       5968   stm32f1xx_hal_rcc.o
       436         46          0          0          0       2685   stm32f1xx_hal_rcc_ex.o
       324          6          0          0          0       3948   stm32f1xx_hal_rtc.o
        32         10          0          0          0       1779   stm32f1xx_hal_rtc_ex.o
       988         14          0          0          0      11359   stm32f1xx_hal_tim.o
        84          0          0          0          0       2526   stm32f1xx_hal_tim_ex.o
       752          4          0          0          0       4164   stm32f1xx_hal_uart.o
        54         12          0          0          0       5223   stm32f1xx_it.o
        72         16         24          4          0       1307   system_stm32f1xx.o
       316         54          0          0        128       2499   tim.o
       188         40          0          0         64       2330   usart.o

    ----------------------------------------------------------------------
     16294       2472       2884       2408      13896     612938   Object Totals
         0          0         32          0          0          0   (incl. Generated)
        30          0          0          5          0          0   (incl. Padding)

    ----------------------------------------------------------------------

      Code (inc. data)   RO Data    RW Data    ZI Data      Debug   Library Member Name

        76          0          0          0          0         84   sqrt.o
        86          0          0          0          0          0   __dczerorl2.o
         0          0          0          0          0          0   entry.o
         0          0          0          0          0          0   entry10a.o
         0          0          0          0          0          0   entry11a.o
         8          4          0          0          0          0   entry2.o
         4          0          0          0          0          0   entry5.o
         0          0          0          0          0          0   entry7b.o
         0          0          0          0          0          0   entry8b.o
         8          4          0          0          0          0   entry9a.o
        12          6          0          4          0         68   errno.o
        30          0          0          0          0          0   handlers.o
        36          8          0          0          0         68   init.o
         0          0          0          0          0          0   iusefp.o
        30          0          0          0          0         68   llshl.o
        32          0          0          0          0         68   llushr.o
        50          8          0          0          0        152   printfb.o
         0          0          0          4          0          0   stdout.o
        56          0          0          0          0         88   d2f.o
       186          0          0          0          0        176   depilogue.o
        46          0          0          0          0         80   dscalb.o
       162          0          0          0          0        100   dsqrt.o
        38          0          0          0          0         68   f2d.o
       176          0          0          0          0        140   fadd.o
       110          0          0          0          0        168   fepilogue.o
        40          0          0          0          0         68   ffixui.o
        18          0          0          0          0         68   fflti.o
       100          0          0          0          0         76   fmul.o
        24          0          0          0          0         68   fscalb.o

    ----------------------------------------------------------------------
      1334         30          0          8          0       1608   Library Totals
         6          0          0          0          0          0   (incl. Padding)

    ----------------------------------------------------------------------

      Code (inc. data)   RO Data    RW Data    ZI Data      Debug   Library Name

        76          0          0          0          0         84   m_ws.l
       296         30          0          8          0        424   mc_w.l
       956          0          0          0          0       1100   mf_w.l

    ----------------------------------------------------------------------
      1334         30          0          8          0       1608   Library Totals

    ----------------------------------------------------------------------

==============================================================================


      Code (inc. data)   RO Data    RW Data    ZI Data      Debug   

     17628       2502       2884       2416      13896     605626   Grand Totals
     17628       2502       2884       1120      13896     605626   ELF Image Totals (compressed)
     17628       2502       2884       1120          0          0   ROM Totals

==============================================================================

    Total RO  Size (Code + RO Data)                20512 (  20.03kB)
    Total RW  Size (RW Data + ZI Data)             16312 (  15.93kB)
    Total ROM Size (Code + RO Data + RW Data)      21632 (  21.13kB)

==============================================================================

